Archive member included to satisfy reference by file (symbol)

d:/ac6/systemworkbench/plugins/fr.ac6.mcu.externaltools.arm-none.win32_1.15.0.201708311556/tools/compiler/bin/../lib/gcc/arm-none-eabi/6.3.1/thumb/v7e-m/fpv4-sp/hard\libgcc.a(_aeabi_uldivmod.o)
                              Drivers/STM32L4xx_HAL_Driver/Src/stm32l4xx_hal_uart.o (__aeabi_uldivmod)
d:/ac6/systemworkbench/plugins/fr.ac6.mcu.externaltools.arm-none.win32_1.15.0.201708311556/tools/compiler/bin/../lib/gcc/arm-none-eabi/6.3.1/thumb/v7e-m/fpv4-sp/hard\libgcc.a(_udivmoddi4.o)
                              d:/ac6/systemworkbench/plugins/fr.ac6.mcu.externaltools.arm-none.win32_1.15.0.201708311556/tools/compiler/bin/../lib/gcc/arm-none-eabi/6.3.1/thumb/v7e-m/fpv4-sp/hard\libgcc.a(_aeabi_uldivmod.o) (__udivmoddi4)
d:/ac6/systemworkbench/plugins/fr.ac6.mcu.externaltools.arm-none.win32_1.15.0.201708311556/tools/compiler/bin/../lib/gcc/arm-none-eabi/6.3.1/thumb/v7e-m/fpv4-sp/hard\libgcc.a(_dvmd_tls.o)
                              d:/ac6/systemworkbench/plugins/fr.ac6.mcu.externaltools.arm-none.win32_1.15.0.201708311556/tools/compiler/bin/../lib/gcc/arm-none-eabi/6.3.1/thumb/v7e-m/fpv4-sp/hard\libgcc.a(_aeabi_uldivmod.o) (__aeabi_ldiv0)
d:/ac6/systemworkbench/plugins/fr.ac6.mcu.externaltools.arm-none.win32_1.15.0.201708311556/tools/compiler/bin/../lib/gcc/arm-none-eabi/6.3.1/../../../../arm-none-eabi/lib/thumb/v7e-m/fpv4-sp/hard\libc_nano.a(lib_a-exit.o)
                              d:/ac6/systemworkbench/plugins/fr.ac6.mcu.externaltools.arm-none.win32_1.15.0.201708311556/tools/compiler/bin/../lib/gcc/arm-none-eabi/6.3.1/../../../../arm-none-eabi/lib/thumb/v7e-m/fpv4-sp/hard/crt0.o (exit)
d:/ac6/systemworkbench/plugins/fr.ac6.mcu.externaltools.arm-none.win32_1.15.0.201708311556/tools/compiler/bin/../lib/gcc/arm-none-eabi/6.3.1/../../../../arm-none-eabi/lib/thumb/v7e-m/fpv4-sp/hard\libc_nano.a(lib_a-impure.o)
                              d:/ac6/systemworkbench/plugins/fr.ac6.mcu.externaltools.arm-none.win32_1.15.0.201708311556/tools/compiler/bin/../lib/gcc/arm-none-eabi/6.3.1/../../../../arm-none-eabi/lib/thumb/v7e-m/fpv4-sp/hard\libc_nano.a(lib_a-exit.o) (_global_impure_ptr)
d:/ac6/systemworkbench/plugins/fr.ac6.mcu.externaltools.arm-none.win32_1.15.0.201708311556/tools/compiler/bin/../lib/gcc/arm-none-eabi/6.3.1/../../../../arm-none-eabi/lib/thumb/v7e-m/fpv4-sp/hard\libc_nano.a(lib_a-init.o)
                              d:/ac6/systemworkbench/plugins/fr.ac6.mcu.externaltools.arm-none.win32_1.15.0.201708311556/tools/compiler/bin/../lib/gcc/arm-none-eabi/6.3.1/../../../../arm-none-eabi/lib/thumb/v7e-m/fpv4-sp/hard/crt0.o (__libc_init_array)
d:/ac6/systemworkbench/plugins/fr.ac6.mcu.externaltools.arm-none.win32_1.15.0.201708311556/tools/compiler/bin/../lib/gcc/arm-none-eabi/6.3.1/../../../../arm-none-eabi/lib/thumb/v7e-m/fpv4-sp/hard\libc_nano.a(lib_a-memcpy-stub.o)
                              Middlewares/Third_Party/FreeRTOS/Source/queue.o (memcpy)
d:/ac6/systemworkbench/plugins/fr.ac6.mcu.externaltools.arm-none.win32_1.15.0.201708311556/tools/compiler/bin/../lib/gcc/arm-none-eabi/6.3.1/../../../../arm-none-eabi/lib/thumb/v7e-m/fpv4-sp/hard\libc_nano.a(lib_a-memset.o)
                              d:/ac6/systemworkbench/plugins/fr.ac6.mcu.externaltools.arm-none.win32_1.15.0.201708311556/tools/compiler/bin/../lib/gcc/arm-none-eabi/6.3.1/../../../../arm-none-eabi/lib/thumb/v7e-m/fpv4-sp/hard/crt0.o (memset)
d:/ac6/systemworkbench/plugins/fr.ac6.mcu.externaltools.arm-none.win32_1.15.0.201708311556/tools/compiler/bin/../lib/gcc/arm-none-eabi/6.3.1/../../../../arm-none-eabi/lib/thumb/v7e-m/fpv4-sp/hard\libnosys.a(_exit.o)
                              d:/ac6/systemworkbench/plugins/fr.ac6.mcu.externaltools.arm-none.win32_1.15.0.201708311556/tools/compiler/bin/../lib/gcc/arm-none-eabi/6.3.1/../../../../arm-none-eabi/lib/thumb/v7e-m/fpv4-sp/hard\libc_nano.a(lib_a-exit.o) (_exit)

Allocating common symbols
Common symbol       size              file

defaultTaskHandle   0x4               Src/freertos.o
RXControlBlock      0x54              Src/freertos.o
RXHandle            0x4               Src/freertos.o
TXHandle            0x4               Src/freertos.o
ControlHandle       0x4               Src/freertos.o
ControlBuffer       0x200             Src/freertos.o
SensorBuffer        0x200             Src/freertos.o
uwTick              0x4               Drivers/STM32L4xx_HAL_Driver/Src/stm32l4xx_hal.o
commandQHandle      0x4               Src/freertos.o
xQueueRegistry      0x40              Middlewares/Third_Party/FreeRTOS/Source/queue.o
dataTableLockControlBlock
                    0x48              Src/freertos.o
TXBuffer            0x800             Src/freertos.o
hdma_usart1_tx      0x48              Src/usart.o
SensorControlBlock  0x54              Src/freertos.o
hdma_usart1_rx      0x48              Src/usart.o
huart1              0x78              Src/usart.o
commandQBuffer      0x1               Src/freertos.o
[...]
Memory Configuration

Name             Origin             Length             Attributes
RAM              0x20000000         0x00010000         xrw
FLASH            0x08000000         0x00040000         xr
*default*        0x00000000         0xffffffff

Linker script and memory map

LOAD d:/ac6/systemworkbench/plugins/fr.ac6.mcu.externaltools.arm-none.win32_1.15.0.201708311556/tools/compiler/bin/../lib/gcc/arm-none-eabi/6.3.1/thumb/v7e-m/fpv4-sp/hard/crti.o
LOAD d:/ac6/systemworkbench/plugins/fr.ac6.mcu.externaltools.arm-none.win32_1.15.0.201708311556/tools/compiler/bin/../lib/gcc/arm-none-eabi/6.3.1/thumb/v7e-m/fpv4-sp/hard/crtbegin.o
LOAD d:/ac6/systemworkbench/plugins/fr.ac6.mcu.externaltools.arm-none.win32_1.15.0.201708311556/tools/compiler/bin/../lib/gcc/arm-none-eabi/6.3.1/../../../../arm-none-eabi/lib/thumb/v7e-m/fpv4-sp/hard/crt0.o
LOAD Drivers/STM32L4xx_HAL_Driver/Src/stm32l4xx_hal.o
LOAD Drivers/STM32L4xx_HAL_Driver/Src/stm32l4xx_hal_cortex.o
LOAD Drivers/STM32L4xx_HAL_Driver/Src/stm32l4xx_hal_dma.o
LOAD Drivers/STM32L4xx_HAL_Driver/Src/stm32l4xx_hal_dma_ex.o
LOAD Drivers/STM32L4xx_HAL_Driver/Src/stm32l4xx_hal_flash.o
LOAD Drivers/STM32L4xx_HAL_Driver/Src/stm32l4xx_hal_flash_ex.o
LOAD Drivers/STM32L4xx_HAL_Driver/Src/stm32l4xx_hal_flash_ramfunc.o
LOAD Drivers/STM32L4xx_HAL_Driver/Src/stm32l4xx_hal_gpio.o
LOAD Drivers/STM32L4xx_HAL_Driver/Src/stm32l4xx_hal_i2c.o
LOAD Drivers/STM32L4xx_HAL_Driver/Src/stm32l4xx_hal_i2c_ex.o
LOAD Drivers/STM32L4xx_HAL_Driver/Src/stm32l4xx_hal_pwr.o
LOAD Drivers/STM32L4xx_HAL_Driver/Src/stm32l4xx_hal_pwr_ex.o
LOAD Drivers/STM32L4xx_HAL_Driver/Src/stm32l4xx_hal_rcc.o
LOAD Drivers/STM32L4xx_HAL_Driver/Src/stm32l4xx_hal_rcc_ex.o
LOAD Drivers/STM32L4xx_HAL_Driver/Src/stm32l4xx_hal_tim.o
LOAD Drivers/STM32L4xx_HAL_Driver/Src/stm32l4xx_hal_tim_ex.o
LOAD Drivers/STM32L4xx_HAL_Driver/Src/stm32l4xx_hal_uart.o
LOAD Drivers/STM32L4xx_HAL_Driver/Src/stm32l4xx_hal_uart_ex.o
LOAD Middlewares/Third_Party/FreeRTOS/Source/CMSIS_RTOS/cmsis_os.o
LOAD Middlewares/Third_Party/FreeRTOS/Source/croutine.o
LOAD Middlewares/Third_Party/FreeRTOS/Source/event_groups.o
LOAD Middlewares/Third_Party/FreeRTOS/Source/list.o
LOAD Middlewares/Third_Party/FreeRTOS/Source/queue.o
LOAD Middlewares/Third_Party/FreeRTOS/Source/tasks.o
LOAD Middlewares/Third_Party/FreeRTOS/Source/timers.o
LOAD Middlewares/Third_Party/FreeRTOS/Source/portable/GCC/ARM_CM4F/port.o
LOAD Middlewares/Third_Party/FreeRTOS/Source/portable/MemMang/heap_4.o
LOAD Src/App/app_control.o
LOAD Src/App/app_rx.o
LOAD Src/App/app_sensing.o
LOAD Src/App/app_tx.o
LOAD Src/data_table.o
LOAD Src/dma.o
LOAD Src/freertos.o
LOAD Src/gpio.o
LOAD Src/helpers.o
LOAD Src/main.o
LOAD Src/stm32l4xx_hal_msp.o
LOAD Src/stm32l4xx_hal_timebase_TIM.o
LOAD Src/stm32l4xx_it.o
LOAD Src/system_stm32l4xx.o
LOAD Src/tim.o
LOAD Src/usart.o
LOAD startup/startup_stm32l432xx.o
LOAD d:/ac6/systemworkbench/plugins/fr.ac6.mcu.externaltools.arm-none.win32_1.15.0.201708311556/tools/compiler/bin/../lib/gcc/arm-none-eabi/6.3.1/../../../../arm-none-eabi/lib/thumb/v7e-m/fpv4-sp/hard\libm.a
START GROUP
LOAD d:/ac6/systemworkbench/plugins/fr.ac6.mcu.externaltools.arm-none.win32_1.15.0.201708311556/tools/compiler/bin/../lib/gcc/arm-none-eabi/6.3.1/thumb/v7e-m/fpv4-sp/hard\libgcc.a
LOAD d:/ac6/systemworkbench/plugins/fr.ac6.mcu.externaltools.arm-none.win32_1.15.0.201708311556/tools/compiler/bin/../lib/gcc/arm-none-eabi/6.3.1/../../../../arm-none-eabi/lib/thumb/v7e-m/fpv4-sp/hard\libc_nano.a
END GROUP
START GROUP
LOAD d:/ac6/systemworkbench/plugins/fr.ac6.mcu.externaltools.arm-none.win32_1.15.0.201708311556/tools/compiler/bin/../lib/gcc/arm-none-eabi/6.3.1/thumb/v7e-m/fpv4-sp/hard\libgcc.a
LOAD d:/ac6/systemworkbench/plugins/fr.ac6.mcu.externaltools.arm-none.win32_1.15.0.201708311556/tools/compiler/bin/../lib/gcc/arm-none-eabi/6.3.1/../../../../arm-none-eabi/lib/thumb/v7e-m/fpv4-sp/hard\libc_nano.a
LOAD d:/ac6/systemworkbench/plugins/fr.ac6.mcu.externaltools.arm-none.win32_1.15.0.201708311556/tools/compiler/bin/../lib/gcc/arm-none-eabi/6.3.1/../../../../arm-none-eabi/lib/thumb/v7e-m/fpv4-sp/hard\libnosys.a
END GROUP
START GROUP
LOAD d:/ac6/systemworkbench/plugins/fr.ac6.mcu.externaltools.arm-none.win32_1.15.0.201708311556/tools/compiler/bin/../lib/gcc/arm-none-eabi/6.3.1/thumb/v7e-m/fpv4-sp/hard\libgcc.a
LOAD d:/ac6/systemworkbench/plugins/fr.ac6.mcu.externaltools.arm-none.win32_1.15.0.201708311556/tools/compiler/bin/../lib/gcc/arm-none-eabi/6.3.1/../../../../arm-none-eabi/lib/thumb/v7e-m/fpv4-sp/hard\libc_nano.a
LOAD d:/ac6/systemworkbench/plugins/fr.ac6.mcu.externaltools.arm-none.win32_1.15.0.201708311556/tools/compiler/bin/../lib/gcc/arm-none-eabi/6.3.1/../../../../arm-none-eabi/lib/thumb/v7e-m/fpv4-sp/hard\libnosys.a
END GROUP
LOAD d:/ac6/systemworkbench/plugins/fr.ac6.mcu.externaltools.arm-none.win32_1.15.0.201708311556/tools/compiler/bin/../lib/gcc/arm-none-eabi/6.3.1/thumb/v7e-m/fpv4-sp/hard/crtend.o
LOAD d:/ac6/systemworkbench/plugins/fr.ac6.mcu.externaltools.arm-none.win32_1.15.0.201708311556/tools/compiler/bin/../lib/gcc/arm-none-eabi/6.3.1/thumb/v7e-m/fpv4-sp/hard/crtn.o
                0x20010000                _estack = 0x20010000
                0x00000200                _Min_Heap_Size = 0x200
                0x00000400                _Min_Stack_Size = 0x400

.isr_vector     0x08000000      0x190
                0x08000000                . = ALIGN (0x8)
 *(.isr_vector)
 .isr_vector    0x08000000      0x18c startup/startup_stm32l432xx.o
                0x08000000                g_pfnVectors
                0x08000190                . = ALIGN (0x8)
 *fill*         0x0800018c        0x4 

.text           0x08000190     0x5368
                0x08000190                . = ALIGN (0x8)
 *(.text)
 .text          0x08000190       0x6c d:/ac6/systemworkbench/plugins/fr.ac6.mcu.externaltools.arm-none.win32_1.15.0.201708311556/tools/compiler/bin/../lib/gcc/arm-none-eabi/6.3.1/thumb/v7e-m/fpv4-sp/hard/crtbegin.o
 .text          0x080001fc       0x30 d:/ac6/systemworkbench/plugins/fr.ac6.mcu.externaltools.arm-none.win32_1.15.0.201708311556/tools/compiler/bin/../lib/gcc/arm-none-eabi/6.3.1/thumb/v7e-m/fpv4-sp/hard\libgcc.a(_aeabi_uldivmod.o)
                0x080001fc                __aeabi_uldivmod
 .text          0x0800022c      0x2dc d:/ac6/systemworkbench/plugins/fr.ac6.mcu.externaltools.arm-none.win32_1.15.0.201708311556/tools/compiler/bin/../lib/gcc/arm-none-eabi/6.3.1/thumb/v7e-m/fpv4-sp/hard\libgcc.a(_udivmoddi4.o)
                0x0800022c                __udivmoddi4
 .text          0x08000508        0x4 d:/ac6/systemworkbench/plugins/fr.ac6.mcu.externaltools.arm-none.win32_1.15.0.201708311556/tools/compiler/bin/../lib/gcc/arm-none-eabi/6.3.1/thumb/v7e-m/fpv4-sp/hard\libgcc.a(_dvmd_tls.o)
                0x08000508                __aeabi_idiv0
                0x08000508                __aeabi_ldiv0
 *(.text*)
 .text.HAL_Init
                0x0800050c       0x16 Drivers/STM32L4xx_HAL_Driver/Src/stm32l4xx_hal.o
                0x0800050c                HAL_Init
 *fill*         0x08000522        0x2 
 .text.HAL_IncTick
                0x08000524       0x10 Drivers/STM32L4xx_HAL_Driver/Src/stm32l4xx_hal.o
                0x08000524                HAL_IncTick
 .text.HAL_GetTick
                0x08000534        0xc Drivers/STM32L4xx_HAL_Driver/Src/stm32l4xx_hal.o
                0x08000534                HAL_GetTick
 .text.HAL_NVIC_SetPriorityGrouping
                0x08000540       0x24 Drivers/STM32L4xx_HAL_Driver/Src/stm32l4xx_hal_cortex.o
                0x08000540                HAL_NVIC_SetPriorityGrouping
 .text.HAL_NVIC_SetPriority
                0x08000564       0x64 Drivers/STM32L4xx_HAL_Driver/Src/stm32l4xx_hal_cortex.o
                0x08000564                HAL_NVIC_SetPriority
 .text.HAL_NVIC_EnableIRQ
                0x080005c8       0x18 Drivers/STM32L4xx_HAL_Driver/Src/stm32l4xx_hal_cortex.o
                0x080005c8                HAL_NVIC_EnableIRQ
 .text.HAL_SYSTICK_Config
                0x080005e0       0x2c Drivers/STM32L4xx_HAL_Driver/Src/stm32l4xx_hal_cortex.o
                0x080005e0                HAL_SYSTICK_Config
 .text.HAL_SYSTICK_CLKSourceConfig
                0x0800060c       0x20 Drivers/STM32L4xx_HAL_Driver/Src/stm32l4xx_hal_cortex.o
                0x0800060c                HAL_SYSTICK_CLKSourceConfig
 .text.DMA_SetConfig
                0x0800062c       0x30 Drivers/STM32L4xx_HAL_Driver/Src/stm32l4xx_hal_dma.o
 .text.HAL_DMA_Init
                0x0800065c       0xf8 Drivers/STM32L4xx_HAL_Driver/Src/stm32l4xx_hal_dma.o
                0x0800065c                HAL_DMA_Init
 .text.HAL_DMA_Start_IT
                0x08000754       0x76 Drivers/STM32L4xx_HAL_Driver/Src/stm32l4xx_hal_dma.o
                0x08000754                HAL_DMA_Start_IT
 .text.HAL_DMA_Abort
                0x080007ca       0x38 Drivers/STM32L4xx_HAL_Driver/Src/stm32l4xx_hal_dma.o
                0x080007ca                HAL_DMA_Abort
 .text.HAL_DMA_Abort_IT
                0x08000802       0x50 Drivers/STM32L4xx_HAL_Driver/Src/stm32l4xx_hal_dma.o
                0x08000802                HAL_DMA_Abort_IT
 .text.HAL_DMA_IRQHandler
                0x08000852       0xc2 Drivers/STM32L4xx_HAL_Driver/Src/stm32l4xx_hal_dma.o
                0x08000852                HAL_DMA_IRQHandler
 .text.HAL_GPIO_Init
                0x08000914      0x188 Drivers/STM32L4xx_HAL_Driver/Src/stm32l4xx_hal_gpio.o
                0x08000914                HAL_GPIO_Init
 .text.HAL_GPIO_WritePin
                0x08000a9c        0xa Drivers/STM32L4xx_HAL_Driver/Src/stm32l4xx_hal_gpio.o
                0x08000a9c                HAL_GPIO_WritePin
 *fill*         0x08000aa6        0x2 
 .text.HAL_PWR_EnableBkUpAccess
                0x08000aa8       0x10 Drivers/STM32L4xx_HAL_Driver/Src/stm32l4xx_hal_pwr.o
                0x08000aa8                HAL_PWR_EnableBkUpAccess
 .text.HAL_PWREx_GetVoltageRange
                0x08000ab8       0x10 Drivers/STM32L4xx_HAL_Driver/Src/stm32l4xx_hal_pwr_ex.o
                0x08000ab8                HAL_PWREx_GetVoltageRange
 .text.HAL_PWREx_ControlVoltageScaling
                0x08000ac8       0x90 Drivers/STM32L4xx_HAL_Driver/Src/stm32l4xx_hal_pwr_ex.o
                0x08000ac8                HAL_PWREx_ControlVoltageScaling
 .text.RCC_SetFlashLatencyFromMSIRange
                0x08000b58       0x90 Drivers/STM32L4xx_HAL_Driver/Src/stm32l4xx_hal_rcc.o
 .text.HAL_RCC_GetSysClockFreq
                0x08000be8      0x100 Drivers/STM32L4xx_HAL_Driver/Src/stm32l4xx_hal_rcc.o
                0x08000be8                HAL_RCC_GetSysClockFreq
 .text.HAL_RCC_OscConfig
                0x08000ce8      0x5d8 Drivers/STM32L4xx_HAL_Driver/Src/stm32l4xx_hal_rcc.o
                0x08000ce8                HAL_RCC_OscConfig
 .text.HAL_RCC_ClockConfig
                0x080012c0      0x150 Drivers/STM32L4xx_HAL_Driver/Src/stm32l4xx_hal_rcc.o
                0x080012c0                HAL_RCC_ClockConfig
 .text.HAL_RCC_GetHCLKFreq
                0x08001410        0xc Drivers/STM32L4xx_HAL_Driver/Src/stm32l4xx_hal_rcc.o
                0x08001410                HAL_RCC_GetHCLKFreq
 .text.HAL_RCC_GetPCLK1Freq
                0x0800141c       0x20 Drivers/STM32L4xx_HAL_Driver/Src/stm32l4xx_hal_rcc.o
                0x0800141c                HAL_RCC_GetPCLK1Freq
 .text.HAL_RCC_GetPCLK2Freq
                0x0800143c       0x20 Drivers/STM32L4xx_HAL_Driver/Src/stm32l4xx_hal_rcc.o
                0x0800143c                HAL_RCC_GetPCLK2Freq
 .text.HAL_RCC_GetClockConfig
                0x0800145c       0x3c Drivers/STM32L4xx_HAL_Driver/Src/stm32l4xx_hal_rcc.o
                0x0800145c                HAL_RCC_GetClockConfig
 .text.RCCEx_PLLSAI1_Config
                0x08001498      0x17c Drivers/STM32L4xx_HAL_Driver/Src/stm32l4xx_hal_rcc_ex.o
 .text.HAL_RCCEx_PeriphCLKConfig
                0x08001614      0x2e8 Drivers/STM32L4xx_HAL_Driver/Src/stm32l4xx_hal_rcc_ex.o
                0x08001614                HAL_RCCEx_PeriphCLKConfig
 .text.HAL_RCCEx_EnableMSIPLLMode
                0x080018fc       0x10 Drivers/STM32L4xx_HAL_Driver/Src/stm32l4xx_hal_rcc_ex.o
                0x080018fc                HAL_RCCEx_EnableMSIPLLMode
 .text.TIM_OC1_SetConfig
                0x0800190c       0x80 Drivers/STM32L4xx_HAL_Driver/Src/stm32l4xx_hal_tim.o
 .text.TIM_OC3_SetConfig
                0x0800198c       0x78 Drivers/STM32L4xx_HAL_Driver/Src/stm32l4xx_hal_tim.o
 .text.TIM_OC4_SetConfig
                0x08001a04       0x5c Drivers/STM32L4xx_HAL_Driver/Src/stm32l4xx_hal_tim.o
 .text.TIM_OC5_SetConfig
                0x08001a60       0x5c Drivers/STM32L4xx_HAL_Driver/Src/stm32l4xx_hal_tim.o
 .text.TIM_OC6_SetConfig
                0x08001abc       0x5c Drivers/STM32L4xx_HAL_Driver/Src/stm32l4xx_hal_tim.o
 .text.TIM_TI1_ConfigInputStage
                0x08001b18       0x26 Drivers/STM32L4xx_HAL_Driver/Src/stm32l4xx_hal_tim.o
 .text.TIM_TI2_ConfigInputStage
                0x08001b3e       0x28 Drivers/STM32L4xx_HAL_Driver/Src/stm32l4xx_hal_tim.o
 .text.TIM_ITRx_SetConfig
                0x08001b66       0x10 Drivers/STM32L4xx_HAL_Driver/Src/stm32l4xx_hal_tim.o
 *fill*         0x08001b76        0x2 
 .text.HAL_TIM_Base_Start_IT
                0x08001b78       0x34 Drivers/STM32L4xx_HAL_Driver/Src/stm32l4xx_hal_tim.o
                0x08001b78                HAL_TIM_Base_Start_IT
 .text.HAL_TIM_PWM_MspInit
                0x08001bac        0x2 Drivers/STM32L4xx_HAL_Driver/Src/stm32l4xx_hal_tim.o
                0x08001bac                HAL_TIM_PWM_MspInit
 .text.HAL_TIM_OnePulse_MspInit
                0x08001bae        0x2 Drivers/STM32L4xx_HAL_Driver/Src/stm32l4xx_hal_tim.o
                0x08001bae                HAL_TIM_OnePulse_MspInit
 .text.HAL_TIM_OC_DelayElapsedCallback
                0x08001bb0        0x2 Drivers/STM32L4xx_HAL_Driver/Src/stm32l4xx_hal_tim.o
                0x08001bb0                HAL_TIM_OC_DelayElapsedCallback
 .text.HAL_TIM_IC_CaptureCallback
                0x08001bb2        0x2 Drivers/STM32L4xx_HAL_Driver/Src/stm32l4xx_hal_tim.o
                0x08001bb2                HAL_TIM_IC_CaptureCallback
 .text.HAL_TIM_PWM_PulseFinishedCallback
                0x08001bb4        0x2 Drivers/STM32L4xx_HAL_Driver/Src/stm32l4xx_hal_tim.o
                0x08001bb4                HAL_TIM_PWM_PulseFinishedCallback
 .text.HAL_TIM_TriggerCallback
                0x08001bb6        0x2 Drivers/STM32L4xx_HAL_Driver/Src/stm32l4xx_hal_tim.o
                0x08001bb6                HAL_TIM_TriggerCallback
 .text.HAL_TIM_IRQHandler
                0x08001bb8      0x19a Drivers/STM32L4xx_HAL_Driver/Src/stm32l4xx_hal_tim.o
                0x08001bb8                HAL_TIM_IRQHandler
 *fill*         0x08001d52        0x2 
 .text.TIM_Base_SetConfig
                0x08001d54       0x78 Drivers/STM32L4xx_HAL_Driver/Src/stm32l4xx_hal_tim.o
                0x08001d54                TIM_Base_SetConfig
 .text.HAL_TIM_Base_Init
                0x08001dcc       0x32 Drivers/STM32L4xx_HAL_Driver/Src/stm32l4xx_hal_tim.o
                0x08001dcc                HAL_TIM_Base_Init
 .text.HAL_TIM_PWM_Init
                0x08001dfe       0x32 Drivers/STM32L4xx_HAL_Driver/Src/stm32l4xx_hal_tim.o
                0x08001dfe                HAL_TIM_PWM_Init
 .text.HAL_TIM_OnePulse_Init
                0x08001e30       0x46 Drivers/STM32L4xx_HAL_Driver/Src/stm32l4xx_hal_tim.o
                0x08001e30                HAL_TIM_OnePulse_Init
 *fill*         0x08001e76        0x2 
 .text.TIM_OC2_SetConfig
                0x08001e78       0x78 Drivers/STM32L4xx_HAL_Driver/Src/stm32l4xx_hal_tim.o
                0x08001e78                TIM_OC2_SetConfig
 .text.HAL_TIM_PWM_ConfigChannel
                0x08001ef0      0x134 Drivers/STM32L4xx_HAL_Driver/Src/stm32l4xx_hal_tim.o
                0x08001ef0                HAL_TIM_PWM_ConfigChannel
 .text.TIM_ETR_SetConfig
                0x08002024       0x18 Drivers/STM32L4xx_HAL_Driver/Src/stm32l4xx_hal_tim.o
                0x08002024                TIM_ETR_SetConfig
 .text.HAL_TIM_ConfigClockSource
                0x0800203c       0xf8 Drivers/STM32L4xx_HAL_Driver/Src/stm32l4xx_hal_tim.o
                0x0800203c                HAL_TIM_ConfigClockSource
 .text.TIM_CCxChannelCmd
                0x08002134       0x22 Drivers/STM32L4xx_HAL_Driver/Src/stm32l4xx_hal_tim.o
                0x08002134                TIM_CCxChannelCmd
 *fill*         0x08002156        0x2 
 .text.HAL_TIM_PWM_Start
                0x08002158       0x68 Drivers/STM32L4xx_HAL_Driver/Src/stm32l4xx_hal_tim.o
                0x08002158                HAL_TIM_PWM_Start
 .text.HAL_TIMEx_MasterConfigSynchronization
                0x080021c0       0x5c Drivers/STM32L4xx_HAL_Driver/Src/stm32l4xx_hal_tim_ex.o
                0x080021c0                HAL_TIMEx_MasterConfigSynchronization
 .text.HAL_TIMEx_CommutationCallback
                0x0800221c        0x2 Drivers/STM32L4xx_HAL_Driver/Src/stm32l4xx_hal_tim_ex.o
                0x0800221c                HAL_TIMEx_CommutationCallback
 .text.HAL_TIMEx_BreakCallback
                0x0800221e        0x2 Drivers/STM32L4xx_HAL_Driver/Src/stm32l4xx_hal_tim_ex.o
                0x0800221e                HAL_TIMEx_BreakCallback
 .text.HAL_TIMEx_Break2Callback
                0x08002220        0x2 Drivers/STM32L4xx_HAL_Driver/Src/stm32l4xx_hal_tim_ex.o
                0x08002220                HAL_TIMEx_Break2Callback
 .text.UART_EndTxTransfer
                0x08002222       0x12 Drivers/STM32L4xx_HAL_Driver/Src/stm32l4xx_hal_uart.o
 .text.UART_EndRxTransfer
                0x08002234       0x20 Drivers/STM32L4xx_HAL_Driver/Src/stm32l4xx_hal_uart.o
 .text.HAL_UART_Receive_IT
                0x08002254       0xd4 Drivers/STM32L4xx_HAL_Driver/Src/stm32l4xx_hal_uart.o
                0x08002254                HAL_UART_Receive_IT
 .text.HAL_UART_Transmit_DMA
                0x08002328       0x90 Drivers/STM32L4xx_HAL_Driver/Src/stm32l4xx_hal_uart.o
                0x08002328                HAL_UART_Transmit_DMA
 .text.HAL_UART_Receive_DMA
                0x080023b8       0x9c Drivers/STM32L4xx_HAL_Driver/Src/stm32l4xx_hal_uart.o
                0x080023b8                HAL_UART_Receive_DMA
 .text.HAL_UART_AbortTransmit
                0x08002454       0x3c Drivers/STM32L4xx_HAL_Driver/Src/stm32l4xx_hal_uart.o
                0x08002454                HAL_UART_AbortTransmit
 .text.HAL_UART_AbortReceive
                0x08002490       0x58 Drivers/STM32L4xx_HAL_Driver/Src/stm32l4xx_hal_uart.o
                0x08002490                HAL_UART_AbortReceive
 .text.UART_DMATransmitCplt
                0x080024e8       0x32 Drivers/STM32L4xx_HAL_Driver/Src/stm32l4xx_hal_uart.o
 .text.UART_EndTransmit_IT
                0x0800251a       0x1c Drivers/STM32L4xx_HAL_Driver/Src/stm32l4xx_hal_uart.o
 .text.HAL_UART_TxHalfCpltCallback
                0x08002536        0x2 Drivers/STM32L4xx_HAL_Driver/Src/stm32l4xx_hal_uart.o
                0x08002536                HAL_UART_TxHalfCpltCallback
 .text.UART_DMATxHalfCplt
                0x08002538        0xa Drivers/STM32L4xx_HAL_Driver/Src/stm32l4xx_hal_uart.o
 .text.UART_RxISR_8BIT
                0x08002542       0x64 Drivers/STM32L4xx_HAL_Driver/Src/stm32l4xx_hal_uart.o
 .text.UART_RxISR_16BIT
                0x080025a6       0x64 Drivers/STM32L4xx_HAL_Driver/Src/stm32l4xx_hal_uart.o
 .text.UART_DMAReceiveCplt
                0x0800260a       0x40 Drivers/STM32L4xx_HAL_Driver/Src/stm32l4xx_hal_uart.o
 .text.HAL_UART_RxHalfCpltCallback
                0x0800264a        0x2 Drivers/STM32L4xx_HAL_Driver/Src/stm32l4xx_hal_uart.o
                0x0800264a                HAL_UART_RxHalfCpltCallback
 .text.UART_DMARxHalfCplt
                0x0800264c        0xa Drivers/STM32L4xx_HAL_Driver/Src/stm32l4xx_hal_uart.o
 .text.HAL_UART_ErrorCallback
                0x08002656        0x2 Drivers/STM32L4xx_HAL_Driver/Src/stm32l4xx_hal_uart.o
                0x08002656                HAL_UART_ErrorCallback
 .text.UART_DMAError
                0x08002658       0x58 Drivers/STM32L4xx_HAL_Driver/Src/stm32l4xx_hal_uart.o
 .text.HAL_UART_IRQHandler
                0x080026b0      0x15c Drivers/STM32L4xx_HAL_Driver/Src/stm32l4xx_hal_uart.o
                0x080026b0                HAL_UART_IRQHandler
 .text.UART_DMAAbortOnError
                0x0800280c       0x14 Drivers/STM32L4xx_HAL_Driver/Src/stm32l4xx_hal_uart.o
 .text.UART_SetConfig
                0x08002820      0x35c Drivers/STM32L4xx_HAL_Driver/Src/stm32l4xx_hal_uart.o
                0x08002820                UART_SetConfig
 .text.UART_AdvFeatureConfig
                0x08002b7c       0xca Drivers/STM32L4xx_HAL_Driver/Src/stm32l4xx_hal_uart.o
                0x08002b7c                UART_AdvFeatureConfig
 .text.UART_WaitOnFlagUntilTimeout
                0x08002c46       0x64 Drivers/STM32L4xx_HAL_Driver/Src/stm32l4xx_hal_uart.o
                0x08002c46                UART_WaitOnFlagUntilTimeout
 .text.UART_CheckIdleState
                0x08002caa       0x70 Drivers/STM32L4xx_HAL_Driver/Src/stm32l4xx_hal_uart.o
                0x08002caa                UART_CheckIdleState
 .text.HAL_UART_Init
                0x08002d1a       0x68 Drivers/STM32L4xx_HAL_Driver/Src/stm32l4xx_hal_uart.o
                0x08002d1a                HAL_UART_Init
 .text.HAL_UARTEx_WakeupCallback
                0x08002d82        0x2 Drivers/STM32L4xx_HAL_Driver/Src/stm32l4xx_hal_uart_ex.o
                0x08002d82                HAL_UARTEx_WakeupCallback
 .text.makeFreeRtosPriority
                0x08002d84        0xc Middlewares/Third_Party/FreeRTOS/Source/CMSIS_RTOS/cmsis_os.o
 .text.osKernelStart
                0x08002d90        0xa Middlewares/Third_Party/FreeRTOS/Source/CMSIS_RTOS/cmsis_os.o
                0x08002d90                osKernelStart
 .text.osThreadCreate
                0x08002d9a       0x6a Middlewares/Third_Party/FreeRTOS/Source/CMSIS_RTOS/cmsis_os.o
                0x08002d9a                osThreadCreate
 .text.osDelay  0x08002e04       0x12 Middlewares/Third_Party/FreeRTOS/Source/CMSIS_RTOS/cmsis_os.o
                0x08002e04                osDelay
 .text.osMutexCreate
                0x08002e16       0x16 Middlewares/Third_Party/FreeRTOS/Source/CMSIS_RTOS/cmsis_os.o
                0x08002e16                osMutexCreate
 .text.osMessageCreate
                0x08002e2c       0x28 Middlewares/Third_Party/FreeRTOS/Source/CMSIS_RTOS/cmsis_os.o
                0x08002e2c                osMessageCreate
 .text.osSystickHandler
                0x08002e54       0x10 Middlewares/Third_Party/FreeRTOS/Source/CMSIS_RTOS/cmsis_os.o
                0x08002e54                osSystickHandler
 .text.vListInitialise
                0x08002e64       0x16 Middlewares/Third_Party/FreeRTOS/Source/list.o
                0x08002e64                vListInitialise
 .text.vListInitialiseItem
                0x08002e7a        0x6 Middlewares/Third_Party/FreeRTOS/Source/list.o
                0x08002e7a                vListInitialiseItem
 .text.vListInsertEnd
                0x08002e80       0x18 Middlewares/Third_Party/FreeRTOS/Source/list.o
                0x08002e80                vListInsertEnd
 .text.vListInsert
                0x08002e98       0x34 Middlewares/Third_Party/FreeRTOS/Source/list.o
                0x08002e98                vListInsert
 .text.uxListRemove
                0x08002ecc       0x26 Middlewares/Third_Party/FreeRTOS/Source/list.o
                0x08002ecc                uxListRemove
 .text.prvIsQueueFull
                0x08002ef2       0x1e Middlewares/Third_Party/FreeRTOS/Source/queue.o
 .text.prvIsQueueEmpty
                0x08002f10       0x1a Middlewares/Third_Party/FreeRTOS/Source/queue.o
 .text.prvCopyDataToQueue
                0x08002f2a       0x76 Middlewares/Third_Party/FreeRTOS/Source/queue.o
 .text.prvCopyDataFromQueue
                0x08002fa0       0x24 Middlewares/Third_Party/FreeRTOS/Source/queue.o
 .text.prvUnlockQueue
                0x08002fc4       0x6e Middlewares/Third_Party/FreeRTOS/Source/queue.o
 *fill*         0x08003032        0x2 
 .text.xQueueGenericReset
                0x08003034       0x80 Middlewares/Third_Party/FreeRTOS/Source/queue.o
                0x08003034                xQueueGenericReset
 .text.prvInitialiseNewQueue
                0x080030b4       0x1c Middlewares/Third_Party/FreeRTOS/Source/queue.o
 .text.xQueueGenericCreateStatic
                0x080030d0       0xa0 Middlewares/Third_Party/FreeRTOS/Source/queue.o
                0x080030d0                xQueueGenericCreateStatic
 .text.xQueueGenericCreate
                0x08003170       0x4e Middlewares/Third_Party/FreeRTOS/Source/queue.o
                0x08003170                xQueueGenericCreate
 *fill*         0x080031be        0x2 
 .text.xQueueGenericSend
                0x080031c0      0x188 Middlewares/Third_Party/FreeRTOS/Source/queue.o
                0x080031c0                xQueueGenericSend
 .text.prvInitialiseMutex
                0x08003348       0x18 Middlewares/Third_Party/FreeRTOS/Source/queue.o
 .text.xQueueCreateMutex
                0x08003360       0x16 Middlewares/Third_Party/FreeRTOS/Source/queue.o
                0x08003360                xQueueCreateMutex
 .text.xQueueCreateMutexStatic
                0x08003376       0x1e Middlewares/Third_Party/FreeRTOS/Source/queue.o
                0x08003376                xQueueCreateMutexStatic
 .text.xQueueGenericReceive
                0x08003394      0x1b0 Middlewares/Third_Party/FreeRTOS/Source/queue.o
                0x08003394                xQueueGenericReceive
 .text.prvResetNextTaskUnblockTime
                0x08003544       0x2c Middlewares/Third_Party/FreeRTOS/Source/tasks.o
 .text.prvInitialiseNewTask
                0x08003570       0x80 Middlewares/Third_Party/FreeRTOS/Source/tasks.o
 .text.prvInitialiseTaskLists
                0x080035f0       0x58 Middlewares/Third_Party/FreeRTOS/Source/tasks.o
 .text.prvAddNewTaskToReadyList
                0x08003648       0xac Middlewares/Third_Party/FreeRTOS/Source/tasks.o
 .text.prvDeleteTCB
                0x080036f4       0x3a Middlewares/Third_Party/FreeRTOS/Source/tasks.o
 *fill*         0x0800372e        0x2 
 .text.prvAddCurrentTaskToDelayedList
                0x08003730       0x88 Middlewares/Third_Party/FreeRTOS/Source/tasks.o
 .text.xTaskCreateStatic
                0x080037b8       0x56 Middlewares/Third_Party/FreeRTOS/Source/tasks.o
                0x080037b8                xTaskCreateStatic
 .text.xTaskCreate
                0x0800380e       0x66 Middlewares/Third_Party/FreeRTOS/Source/tasks.o
                0x0800380e                xTaskCreate
 .text.vTaskStartScheduler
                0x08003874       0x70 Middlewares/Third_Party/FreeRTOS/Source/tasks.o
                0x08003874                vTaskStartScheduler
 .text.vTaskSuspendAll
                0x080038e4       0x14 Middlewares/Third_Party/FreeRTOS/Source/tasks.o
                0x080038e4                vTaskSuspendAll
 .text.xTaskGetTickCount
                0x080038f8        0xc Middlewares/Third_Party/FreeRTOS/Source/tasks.o
                0x080038f8                xTaskGetTickCount
 .text.xTaskIncrementTick
                0x08003904      0x114 Middlewares/Third_Party/FreeRTOS/Source/tasks.o
                0x08003904                xTaskIncrementTick
 .text.xTaskResumeAll
                0x08003a18       0xf4 Middlewares/Third_Party/FreeRTOS/Source/tasks.o
                0x08003a18                xTaskResumeAll
 .text.vTaskDelayUntil
                0x08003b0c       0xac Middlewares/Third_Party/FreeRTOS/Source/tasks.o
                0x08003b0c                vTaskDelayUntil
 .text.vTaskDelay
                0x08003bb8       0x50 Middlewares/Third_Party/FreeRTOS/Source/tasks.o
                0x08003bb8                vTaskDelay
 .text.prvCheckTasksWaitingTermination
                0x08003c08       0x54 Middlewares/Third_Party/FreeRTOS/Source/tasks.o
 .text.prvIdleTask
                0x08003c5c       0x28 Middlewares/Third_Party/FreeRTOS/Source/tasks.o
 .text.vTaskSwitchContext
                0x08003c84       0x90 Middlewares/Third_Party/FreeRTOS/Source/tasks.o
                0x08003c84                vTaskSwitchContext
 .text.vTaskPlaceOnEventList
                0x08003d14       0x34 Middlewares/Third_Party/FreeRTOS/Source/tasks.o
                0x08003d14                vTaskPlaceOnEventList
 .text.xTaskRemoveFromEventList
                0x08003d48       0x84 Middlewares/Third_Party/FreeRTOS/Source/tasks.o
                0x08003d48                xTaskRemoveFromEventList
 .text.vTaskSetTimeOutState
                0x08003dcc       0x28 Middlewares/Third_Party/FreeRTOS/Source/tasks.o
                0x08003dcc                vTaskSetTimeOutState
 .text.xTaskCheckForTimeOut
                0x08003df4       0x80 Middlewares/Third_Party/FreeRTOS/Source/tasks.o
                0x08003df4                xTaskCheckForTimeOut
 .text.vTaskMissedYield
                0x08003e74       0x10 Middlewares/Third_Party/FreeRTOS/Source/tasks.o
                0x08003e74                vTaskMissedYield
 .text.xTaskGetSchedulerState
                0x08003e84       0x20 Middlewares/Third_Party/FreeRTOS/Source/tasks.o
                0x08003e84                xTaskGetSchedulerState
 .text.vTaskPriorityInherit
                0x08003ea4       0xb0 Middlewares/Third_Party/FreeRTOS/Source/tasks.o
                0x08003ea4                vTaskPriorityInherit
 .text.xTaskPriorityDisinherit
                0x08003f54       0xb8 Middlewares/Third_Party/FreeRTOS/Source/tasks.o
                0x08003f54                xTaskPriorityDisinherit
 .text.pvTaskIncrementMutexHeldCount
                0x0800400c       0x20 Middlewares/Third_Party/FreeRTOS/Source/tasks.o
                0x0800400c                pvTaskIncrementMutexHeldCount
 .text.xTaskNotifyWait
                0x0800402c       0xa8 Middlewares/Third_Party/FreeRTOS/Source/tasks.o
                0x0800402c                xTaskNotifyWait
 .text.xTaskGenericNotifyFromISR
                0x080040d4      0x114 Middlewares/Third_Party/FreeRTOS/Source/tasks.o
                0x080040d4                xTaskGenericNotifyFromISR
 .text.prvTaskExitError
                0x080041e8       0x34 Middlewares/Third_Party/FreeRTOS/Source/portable/GCC/ARM_CM4F/port.o
 .text.prvPortStartFirstTask
                0x0800421c       0x20 Middlewares/Third_Party/FreeRTOS/Source/portable/GCC/ARM_CM4F/port.o
 .text.vPortEnableVFP
                0x0800423c       0x14 Middlewares/Third_Party/FreeRTOS/Source/portable/GCC/ARM_CM4F/port.o
 .text.pxPortInitialiseStack
                0x08004250       0x2c Middlewares/Third_Party/FreeRTOS/Source/portable/GCC/ARM_CM4F/port.o
                0x08004250                pxPortInitialiseStack
 *fill*         0x0800427c        0x4 
 .text.SVC_Handler
                0x08004280       0x24 Middlewares/Third_Party/FreeRTOS/Source/portable/GCC/ARM_CM4F/port.o
                0x08004280                SVC_Handler
 .text.vPortEnterCritical
                0x080042a4       0x44 Middlewares/Third_Party/FreeRTOS/Source/portable/GCC/ARM_CM4F/port.o
                0x080042a4                vPortEnterCritical
 .text.vPortExitCritical
                0x080042e8       0x2c Middlewares/Third_Party/FreeRTOS/Source/portable/GCC/ARM_CM4F/port.o
                0x080042e8                vPortExitCritical
 *fill*         0x08004314        0xc 
 .text.PendSV_Handler
                0x08004320       0x64 Middlewares/Third_Party/FreeRTOS/Source/portable/GCC/ARM_CM4F/port.o
                0x08004320                PendSV_Handler
 .text.xPortSysTickHandler
                0x08004384       0x2c Middlewares/Third_Party/FreeRTOS/Source/portable/GCC/ARM_CM4F/port.o
                0x08004384                xPortSysTickHandler
 .text.vPortSetupTimerInterrupt
                0x080043b0       0x2c Middlewares/Third_Party/FreeRTOS/Source/portable/GCC/ARM_CM4F/port.o
                0x080043b0                vPortSetupTimerInterrupt
 .text.xPortStartScheduler
                0x080043dc       0xe8 Middlewares/Third_Party/FreeRTOS/Source/portable/GCC/ARM_CM4F/port.o
                0x080043dc                xPortStartScheduler
 .text.vPortValidateInterruptPriority
                0x080044c4       0x58 Middlewares/Third_Party/FreeRTOS/Source/portable/GCC/ARM_CM4F/port.o
                0x080044c4                vPortValidateInterruptPriority
 .text.prvHeapInit
                0x0800451c       0x58 Middlewares/Third_Party/FreeRTOS/Source/portable/MemMang/heap_4.o
 .text.prvInsertBlockIntoFreeList
                0x08004574       0x58 Middlewares/Third_Party/FreeRTOS/Source/portable/MemMang/heap_4.o
 .text.pvPortMalloc
                0x080045cc      0x10c Middlewares/Third_Party/FreeRTOS/Source/portable/MemMang/heap_4.o
                0x080045cc                pvPortMalloc
 .text.vPortFree
                0x080046d8       0x70 Middlewares/Third_Party/FreeRTOS/Source/portable/MemMang/heap_4.o
                0x080046d8                vPortFree
 .text.ll_setPosition
                0x08004748       0x48 Src/App/app_control.o
                0x08004748                ll_setPosition
 .text.controlInit
                0x08004790       0x1c Src/App/app_control.o
                0x08004790                controlInit
 .text.controlUpdateStateVariables
                0x080047ac       0x1c Src/App/app_control.o
                0x080047ac                controlUpdateStateVariables
 .text.controlUpdateSignals
                0x080047c8       0x10 Src/App/app_control.o
                0x080047c8                controlUpdateSignals
 .text.processWriteDataInst
                0x080047d8       0x78 Src/App/app_rx.o
 .text.processReadDataInst
                0x08004850       0x64 Src/App/app_rx.o
 .text.receive  0x080048b4       0x38 Src/App/app_rx.o
                0x080048b4                receive
 .text.processData
                0x080048ec       0x20 Src/App/app_rx.o
                0x080048ec                processData
 .text.HAL_UART_RxCpltCallback
                0x0800490c       0x50 Src/App/app_rx.o
                0x0800490c                HAL_UART_RxCpltCallback
 .text.sensorUpdate
                0x0800495c       0x50 Src/App/app_sensing.o
                0x0800495c                sensorUpdate
 .text.updateBufferContents
                0x080049ac       0x54 Src/App/app_tx.o
                0x080049ac                updateBufferContents
 .text.transmitBufferContents
                0x08004a00       0x3c Src/App/app_tx.o
                0x08004a00                transmitBufferContents
 .text.txTimerEventHandler
                0x08004a3c       0x48 Src/App/app_tx.o
                0x08004a3c                txTimerEventHandler
 .text.HAL_UART_TxCpltCallback
                0x08004a84       0x50 Src/App/app_tx.o
                0x08004a84                HAL_UART_TxCpltCallback
 .text.map      0x08004ad4       0x1c Src/data_table.o
 .text.initDataTable
                0x08004af0        0xc Src/data_table.o
                0x08004af0                initDataTable
 .text.writeDataTable
                0x08004afc       0x40 Src/data_table.o
                0x08004afc                writeDataTable
 .text.readDataTable
                0x08004b3c       0x40 Src/data_table.o
                0x08004b3c                readDataTable
 .text.MX_DMA_Init
                0x08004b7c       0x44 Src/dma.o
                0x08004b7c                MX_DMA_Init
 .text.StartDefaultTask
                0x08004bc0        0xa Src/freertos.o
                0x08004bc0                StartDefaultTask
 .text.StartRX  0x08004bca       0x18 Src/freertos.o
                0x08004bca                StartRX
 *fill*         0x08004be2        0x2 
 .text.StartTX  0x08004be4       0x2c Src/freertos.o
                0x08004be4                StartTX
 .text.StartControlTask
                0x08004c10       0x20 Src/freertos.o
                0x08004c10                StartControlTask
 .text.StartSensorTask
                0x08004c30       0x18 Src/freertos.o
                0x08004c30                StartSensorTask
 .text.vApplicationGetIdleTaskMemory
                0x08004c48       0x14 Src/freertos.o
                0x08004c48                vApplicationGetIdleTaskMemory
 .text.MX_FREERTOS_Init
                0x08004c5c       0xec Src/freertos.o
                0x08004c5c                MX_FREERTOS_Init
 .text.MX_GPIO_Init
                0x08004d48       0x6c Src/gpio.o
                0x08004d48                MX_GPIO_Init
 .text.waitUntilNotifiedOrTimeout
                0x08004db4       0x3c Src/helpers.o
                0x08004db4                waitUntilNotifiedOrTimeout
 .text.setOsStartFlag
                0x08004df0        0xc Src/helpers.o
                0x08004df0                setOsStartFlag
 .text.osHasStarted
                0x08004dfc        0xc Src/helpers.o
                0x08004dfc                osHasStarted
 .text.HAL_TIM_PeriodElapsedCallback
                0x08004e08       0x28 Src/main.o
                0x08004e08                HAL_TIM_PeriodElapsedCallback
 .text._Error_Handler
                0x08004e30        0x2 Src/main.o
                0x08004e30                _Error_Handler
 *fill*         0x08004e32        0x2 
 .text.SystemClock_Config
                0x08004e34       0xdc Src/main.o
                0x08004e34                SystemClock_Config
 .text.main     0x08004f10       0x2c Src/main.o
                0x08004f10                main
 .text.HAL_MspInit
                0x08004f3c       0x90 Src/stm32l4xx_hal_msp.o
                0x08004f3c                HAL_MspInit
 .text.HAL_InitTick
                0x08004fcc       0x7c Src/stm32l4xx_hal_timebase_TIM.o
                0x08004fcc                HAL_InitTick
 .text.SysTick_Handler
                0x08005048        0x8 Src/stm32l4xx_it.o
                0x08005048                SysTick_Handler
 .text.DMA1_Channel4_IRQHandler
                0x08005050       0x10 Src/stm32l4xx_it.o
                0x08005050                DMA1_Channel4_IRQHandler
 .text.DMA1_Channel5_IRQHandler
                0x08005060       0x10 Src/stm32l4xx_it.o
                0x08005060                DMA1_Channel5_IRQHandler
 .text.TIM1_UP_TIM16_IRQHandler
                0x08005070       0x18 Src/stm32l4xx_it.o
                0x08005070                TIM1_UP_TIM16_IRQHandler
 .text.USART1_IRQHandler
                0x08005088       0x10 Src/stm32l4xx_it.o
                0x08005088                USART1_IRQHandler
 .text.SystemInit
                0x08005098       0x48 Src/system_stm32l4xx.o
                0x08005098                SystemInit
 .text.MX_TIM16_Init
                0x080050e0       0x4c Src/tim.o
                0x080050e0                MX_TIM16_Init
 .text.HAL_TIM_Base_MspInit
                0x0800512c       0x60 Src/tim.o
                0x0800512c                HAL_TIM_Base_MspInit
 .text.HAL_TIM_MspPostInit
                0x0800518c       0x30 Src/tim.o
                0x0800518c                HAL_TIM_MspPostInit
 .text.MX_TIM2_Init
                0x080051bc       0xb0 Src/tim.o
                0x080051bc                MX_TIM2_Init
 .text.MX_USART1_UART_Init
                0x0800526c       0x50 Src/usart.o
                0x0800526c                MX_USART1_UART_Init
 .text.MX_USART2_UART_Init
                0x080052bc       0x40 Src/usart.o
                0x080052bc                MX_USART2_UART_Init
 .text.HAL_UART_MspInit
                0x080052fc      0x12c Src/usart.o
                0x080052fc                HAL_UART_MspInit
 .text.Reset_Handler
                0x08005428       0x50 startup/startup_stm32l432xx.o
                0x08005428                Reset_Handler
 .text.Default_Handler
                0x08005478        0x2 startup/startup_stm32l432xx.o
                0x08005478                RTC_Alarm_IRQHandler
                0x08005478                EXTI2_IRQHandler
                0x08005478                DebugMon_Handler
                0x08005478                TIM1_CC_IRQHandler
                0x08005478                TSC_IRQHandler
                0x08005478                HardFault_Handler
                0x08005478                TAMP_STAMP_IRQHandler
                0x08005478                NMI_Handler
                0x08005478                EXTI3_IRQHandler
                0x08005478                LPTIM2_IRQHandler
                0x08005478                I2C3_ER_IRQHandler
                0x08005478                EXTI0_IRQHandler
                0x08005478                CAN1_RX0_IRQHandler
                0x08005478                FPU_IRQHandler
                0x08005478                UsageFault_Handler
                0x08005478                SPI1_IRQHandler
                0x08005478                TIM6_DAC_IRQHandler
                0x08005478                DMA2_Channel2_IRQHandler
                0x08005478                ADC1_IRQHandler
                0x08005478                DMA1_Channel7_IRQHandler
                0x08005478                CAN1_RX1_IRQHandler
                0x08005478                DMA2_Channel1_IRQHandler
                0x08005478                QUADSPI_IRQHandler
                0x08005478                I2C1_EV_IRQHandler
                0x08005478                DMA1_Channel6_IRQHandler
                0x08005478                DMA2_Channel4_IRQHandler
                0x08005478                RCC_IRQHandler
                0x08005478                TIM1_TRG_COM_IRQHandler
                0x08005478                DMA1_Channel1_IRQHandler
                0x08005478                Default_Handler
                0x08005478                DMA2_Channel7_IRQHandler
                0x08005478                EXTI15_10_IRQHandler
                0x08005478                TIM7_IRQHandler
                0x08005478                I2C3_EV_IRQHandler
                0x08005478                USB_IRQHandler
                0x08005478                EXTI9_5_IRQHandler
                0x08005478                RTC_WKUP_IRQHandler
                0x08005478                PVD_PVM_IRQHandler
                0x08005478                MemManage_Handler
                0x08005478                CAN1_TX_IRQHandler
                0x08005478                DMA2_Channel5_IRQHandler
                0x08005478                CRS_IRQHandler
                0x08005478                EXTI4_IRQHandler
                0x08005478                RNG_IRQHandler
                0x08005478                DMA1_Channel3_IRQHandler
                0x08005478                COMP_IRQHandler
                0x08005478                WWDG_IRQHandler
                0x08005478                LPUART1_IRQHandler
                0x08005478                DMA2_Channel6_IRQHandler
                0x08005478                TIM2_IRQHandler
                0x08005478                EXTI1_IRQHandler
                0x08005478                USART2_IRQHandler
                0x08005478                DMA1_Channel2_IRQHandler
                0x08005478                CAN1_SCE_IRQHandler
                0x08005478                FLASH_IRQHandler
                0x08005478                BusFault_Handler
                0x08005478                SPI3_IRQHandler
                0x08005478                I2C1_ER_IRQHandler
                0x08005478                SWPMI1_IRQHandler
                0x08005478                LPTIM1_IRQHandler
                0x08005478                SAI1_IRQHandler
                0x08005478                DMA2_Channel3_IRQHandler
                0x08005478                TIM1_BRK_TIM15_IRQHandler
 *fill*         0x0800547a        0x2 
 .text.__libc_init_array
                0x0800547c       0x48 d:/ac6/systemworkbench/plugins/fr.ac6.mcu.externaltools.arm-none.win32_1.15.0.201708311556/tools/compiler/bin/../lib/gcc/arm-none-eabi/6.3.1/../../../../arm-none-eabi/lib/thumb/v7e-m/fpv4-sp/hard\libc_nano.a(lib_a-init.o)
                0x0800547c                __libc_init_array
 .text.memcpy   0x080054c4       0x16 d:/ac6/systemworkbench/plugins/fr.ac6.mcu.externaltools.arm-none.win32_1.15.0.201708311556/tools/compiler/bin/../lib/gcc/arm-none-eabi/6.3.1/../../../../arm-none-eabi/lib/thumb/v7e-m/fpv4-sp/hard\libc_nano.a(lib_a-memcpy-stub.o)
                0x080054c4                memcpy
 *(.glue_7)
 .glue_7        0x080054da        0x0 linker stubs
 *(.glue_7t)
 .glue_7t       0x080054da        0x0 linker stubs
 *(.eh_frame)
 *fill*         0x080054da        0x2 
 .eh_frame      0x080054dc        0x0 d:/ac6/systemworkbench/plugins/fr.ac6.mcu.externaltools.arm-none.win32_1.15.0.201708311556/tools/compiler/bin/../lib/gcc/arm-none-eabi/6.3.1/thumb/v7e-m/fpv4-sp/hard/crtbegin.o
 *(.init)
 .init          0x080054dc        0x4 d:/ac6/systemworkbench/plugins/fr.ac6.mcu.externaltools.arm-none.win32_1.15.0.201708311556/tools/compiler/bin/../lib/gcc/arm-none-eabi/6.3.1/thumb/v7e-m/fpv4-sp/hard/crti.o
                0x080054dc                _init
 .init          0x080054e0        0x8 d:/ac6/systemworkbench/plugins/fr.ac6.mcu.externaltools.arm-none.win32_1.15.0.201708311556/tools/compiler/bin/../lib/gcc/arm-none-eabi/6.3.1/thumb/v7e-m/fpv4-sp/hard/crtn.o
 *(.fini)
 .fini          0x080054e8        0x4 d:/ac6/systemworkbench/plugins/fr.ac6.mcu.externaltools.arm-none.win32_1.15.0.201708311556/tools/compiler/bin/../lib/gcc/arm-none-eabi/6.3.1/thumb/v7e-m/fpv4-sp/hard/crti.o
                0x080054e8                _fini
 .fini          0x080054ec        0x8 d:/ac6/systemworkbench/plugins/fr.ac6.mcu.externaltools.arm-none.win32_1.15.0.201708311556/tools/compiler/bin/../lib/gcc/arm-none-eabi/6.3.1/thumb/v7e-m/fpv4-sp/hard/crtn.o
                0x080054f8                . = ALIGN (0x8)
 *fill*         0x080054f4        0x4 
                0x080054f8                _etext = .

.vfp11_veneer   0x080054f8        0x0
 .vfp11_veneer  0x080054f8        0x0 linker stubs

.v4_bx          0x080054f8        0x0
 .v4_bx         0x080054f8        0x0 linker stubs

.iplt           0x080054f8        0x0
 .iplt          0x080054f8        0x0 d:/ac6/systemworkbench/plugins/fr.ac6.mcu.externaltools.arm-none.win32_1.15.0.201708311556/tools/compiler/bin/../lib/gcc/arm-none-eabi/6.3.1/thumb/v7e-m/fpv4-sp/hard/crtbegin.o

.rodata         0x080054f8      0x140
                0x080054f8                . = ALIGN (0x8)
 *(.rodata)
 .rodata        0x080054f8       0x9c Src/freertos.o
 .rodata        0x08005594       0x48 Src/system_stm32l4xx.o
                0x08005594                MSIRangeTable
                0x080055c4                AHBPrescTable
                0x080055d4                APBPrescTable
 *(.rodata*)
 .rodata.str1.4
                0x080055dc        0x5 Middlewares/Third_Party/FreeRTOS/Source/tasks.o
 *fill*         0x080055e1        0x3 
 .rodata.str1.4
                0x080055e4       0x24 Src/freertos.o
 .rodata.str1.4
                0x08005608        0xe Src/main.o
 *fill*         0x08005616        0x2 
 .rodata.str1.4
                0x08005618        0xd Src/tim.o
 *fill*         0x08005625        0x3 
 .rodata.str1.4
                0x08005628       0x10 Src/usart.o
                                  0xf (size before relaxing)
                0x08005638                . = ALIGN (0x8)

.ARM.extab      0x08005638        0x0
                0x08005638                . = ALIGN (0x8)
 *(.ARM.extab* .gnu.linkonce.armextab.*)
                0x08005638                . = ALIGN (0x8)

.ARM            0x08005638        0x8
                0x08005638                . = ALIGN (0x8)
                0x08005638                __exidx_start = .
 *(.ARM.exidx*)
 .ARM.exidx     0x08005638        0x8 d:/ac6/systemworkbench/plugins/fr.ac6.mcu.externaltools.arm-none.win32_1.15.0.201708311556/tools/compiler/bin/../lib/gcc/arm-none-eabi/6.3.1/thumb/v7e-m/fpv4-sp/hard\libgcc.a(_udivmoddi4.o)
                0x08005640                __exidx_end = .
                0x08005640                . = ALIGN (0x8)

.rel.dyn        0x08005640        0x0
 .rel.iplt      0x08005640        0x0 d:/ac6/systemworkbench/plugins/fr.ac6.mcu.externaltools.arm-none.win32_1.15.0.201708311556/tools/compiler/bin/../lib/gcc/arm-none-eabi/6.3.1/thumb/v7e-m/fpv4-sp/hard/crtbegin.o

.preinit_array  0x08005640        0x0
                0x08005640                . = ALIGN (0x8)
                0x08005640                PROVIDE (__preinit_array_start, .)
 *(.preinit_array*)
                0x08005640                PROVIDE (__preinit_array_end, .)
                0x08005640                . = ALIGN (0x8)

.init_array     0x08005640        0x8
                0x08005640                . = ALIGN (0x8)
                0x08005640                PROVIDE (__init_array_start, .)
 *(SORT(.init_array.*))
 *(.init_array*)
 .init_array    0x08005640        0x4 d:/ac6/systemworkbench/plugins/fr.ac6.mcu.externaltools.arm-none.win32_1.15.0.201708311556/tools/compiler/bin/../lib/gcc/arm-none-eabi/6.3.1/thumb/v7e-m/fpv4-sp/hard/crtbegin.o
                0x08005644                PROVIDE (__init_array_end, .)
                0x08005648                . = ALIGN (0x8)
 *fill*         0x08005644        0x4 

.fini_array     0x08005648        0x8
                0x08005648                . = ALIGN (0x8)
                [!provide]                PROVIDE (__fini_array_start, .)
 *(SORT(.fini_array.*))
 *(.fini_array*)
 .fini_array    0x08005648        0x4 d:/ac6/systemworkbench/plugins/fr.ac6.mcu.externaltools.arm-none.win32_1.15.0.201708311556/tools/compiler/bin/../lib/gcc/arm-none-eabi/6.3.1/thumb/v7e-m/fpv4-sp/hard/crtbegin.o
                [!provide]                PROVIDE (__fini_array_end, .)
                0x08005650                . = ALIGN (0x8)
 *fill*         0x0800564c        0x4 
                0x08005650                _sidata = LOADADDR (.data)

.data           0x20000000       0x18 load address 0x08005650
                0x20000000                . = ALIGN (0x8)
                0x20000000                _sdata = .
 *(.data)
 .data          0x20000000        0x4 Middlewares/Third_Party/FreeRTOS/Source/portable/GCC/ARM_CM4F/port.o
 .data          0x20000004        0x4 Src/App/app_sensing.o
 .data          0x20000008        0x8 Src/App/app_tx.o
 .data          0x20000010        0x4 Src/system_stm32l4xx.o
                0x20000010                SystemCoreClock
 *(.data*)
                0x20000018                . = ALIGN (0x8)
 *fill*         0x20000014        0x4 
                0x20000018                _edata = .

.jcr            0x20000018        0x0 load address 0x08005668
 .jcr           0x20000018        0x0 d:/ac6/systemworkbench/plugins/fr.ac6.mcu.externaltools.arm-none.win32_1.15.0.201708311556/tools/compiler/bin/../lib/gcc/arm-none-eabi/6.3.1/thumb/v7e-m/fpv4-sp/hard/crtbegin.o

.igot.plt       0x20000018        0x0 load address 0x08005668
 .igot.plt      0x20000018        0x0 d:/ac6/systemworkbench/plugins/fr.ac6.mcu.externaltools.arm-none.win32_1.15.0.201708311556/tools/compiler/bin/../lib/gcc/arm-none-eabi/6.3.1/thumb/v7e-m/fpv4-sp/hard/crtbegin.o
                0x20000018                . = ALIGN (0x4)

.bss            0x20000018     0x27d0 load address 0x08005668
                0x20000018                _sbss = .
                0x20000018                __bss_start__ = _sbss
 *(.bss)
 .bss           0x20000018       0x1c d:/ac6/systemworkbench/plugins/fr.ac6.mcu.externaltools.arm-none.win32_1.15.0.201708311556/tools/compiler/bin/../lib/gcc/arm-none-eabi/6.3.1/thumb/v7e-m/fpv4-sp/hard/crtbegin.o
 .bss           0x20000034      0x128 Middlewares/Third_Party/FreeRTOS/Source/tasks.o
                0x20000134                pxCurrentTCB
 .bss           0x2000015c        0x8 Middlewares/Third_Party/FreeRTOS/Source/portable/GCC/ARM_CM4F/port.o
 .bss           0x20000164      0xbd0 Middlewares/Third_Party/FreeRTOS/Source/portable/MemMang/heap_4.o
 .bss           0x20000d34        0x4 Src/App/app_control.o
 .bss           0x20000d38        0x9 Src/App/app_rx.o
 *fill*         0x20000d41        0x3 
 .bss           0x20000d44        0x6 Src/data_table.o
 *fill*         0x20000d4a        0x2 
 .bss           0x20000d4c      0x254 Src/freertos.o
 .bss           0x20000fa0        0x1 Src/helpers.o
 *(.bss*)
 *(COMMON)
 *fill*         0x20000fa1        0x3 
 COMMON         0x20000fa4        0x4 Drivers/STM32L4xx_HAL_Driver/Src/stm32l4xx_hal.o
                0x20000fa4                uwTick
 COMMON         0x20000fa8     0x1600 Src/freertos.o
                0x20000fa8                defaultTaskHandle
                0x20000fac                RXControlBlock
                0x20001000                RXHandle
                0x20001004                TXHandle
                0x20001008                ControlHandle
                0x2000100c                ControlBuffer
                0x2000120c                SensorBuffer
                0x2000140c                commandQHandle
                0x20001410                dataTableLockControlBlock
                0x20001458                TXBuffer
                0x20001c58                SensorControlBlock
                0x20001cac                commandQBuffer
                0x20001cb0                commandQControlBlock
                0x20001cf8                TXControlBlock
                0x20001d4c                RXBuffer
                0x2000254c                SensorHandle
                0x20002550                dataTableLockHandle
                0x20002554                ControlControlBlock
 COMMON         0x200025a8       0x40 Src/stm32l4xx_hal_timebase_TIM.o
                0x200025a8                htim1
 COMMON         0x200025e8       0x80 Src/tim.o
                0x200025e8                htim2
                0x20002628                htim16
 COMMON         0x20002668      0x180 Src/usart.o
                0x20002668                hdma_usart1_tx
                0x200026b0                hdma_usart1_rx
                0x200026f8                huart1
                0x20002770                huart2
                0x200027e8                . = ALIGN (0x4)
                0x200027e8                _ebss = .
                0x200027e8                __bss_end__ = _ebss

._user_heap_stack
                0x200027e8      0x600 load address 0x08005668
                0x200027e8                . = ALIGN (0x8)
                [!provide]                PROVIDE (end, .)
                [!provide]                PROVIDE (_end, .)
                0x200029e8                . = (. + _Min_Heap_Size)
 *fill*         0x200027e8      0x200 
                0x20002de8                . = (. + _Min_Stack_Size)
 *fill*         0x200029e8      0x400 
                0x20002de8                . = ALIGN (0x8)

/DISCARD/
 libc.a(*)
 libm.a(*)
 libgcc.a(*)

.ARM.attributes
                0x00000000       0x30
 *(.ARM.attributes)
 .ARM.attributes
                0x00000000       0x22 d:/ac6/systemworkbench/plugins/fr.ac6.mcu.externaltools.arm-none.win32_1.15.0.201708311556/tools/compiler/bin/../lib/gcc/arm-none-eabi/6.3.1/thumb/v7e-m/fpv4-sp/hard/crti.o
 .ARM.attributes
                0x00000022       0x34 d:/ac6/systemworkbench/plugins/fr.ac6.mcu.externaltools.arm-none.win32_1.15.0.201708311556/tools/compiler/bin/../lib/gcc/arm-none-eabi/6.3.1/thumb/v7e-m/fpv4-sp/hard/crtbegin.o
 .ARM.attributes
                0x00000056       0x39 Drivers/STM32L4xx_HAL_Driver/Src/stm32l4xx_hal.o
 .ARM.attributes
                0x0000008f       0x39 Drivers/STM32L4xx_HAL_Driver/Src/stm32l4xx_hal_cortex.o
 .ARM.attributes
                0x000000c8       0x39 Drivers/STM32L4xx_HAL_Driver/Src/stm32l4xx_hal_dma.o
 .ARM.attributes
                0x00000101       0x39 Drivers/STM32L4xx_HAL_Driver/Src/stm32l4xx_hal_gpio.o
 .ARM.attributes
                0x0000013a       0x39 Drivers/STM32L4xx_HAL_Driver/Src/stm32l4xx_hal_pwr.o
 .ARM.attributes
                0x00000173       0x39 Drivers/STM32L4xx_HAL_Driver/Src/stm32l4xx_hal_pwr_ex.o
 .ARM.attributes
                0x000001ac       0x39 Drivers/STM32L4xx_HAL_Driver/Src/stm32l4xx_hal_rcc.o
 .ARM.attributes
                0x000001e5       0x39 Drivers/STM32L4xx_HAL_Driver/Src/stm32l4xx_hal_rcc_ex.o
 .ARM.attributes
                0x0000021e       0x39 Drivers/STM32L4xx_HAL_Driver/Src/stm32l4xx_hal_tim.o
 .ARM.attributes
                0x00000257       0x39 Drivers/STM32L4xx_HAL_Driver/Src/stm32l4xx_hal_tim_ex.o
 .ARM.attributes
                0x00000290       0x39 Drivers/STM32L4xx_HAL_Driver/Src/stm32l4xx_hal_uart.o
 .ARM.attributes
                0x000002c9       0x39 Drivers/STM32L4xx_HAL_Driver/Src/stm32l4xx_hal_uart_ex.o
 .ARM.attributes
                0x00000302       0x39 Middlewares/Third_Party/FreeRTOS/Source/CMSIS_RTOS/cmsis_os.o
 .ARM.attributes
                0x0000033b       0x39 Middlewares/Third_Party/FreeRTOS/Source/list.o
 .ARM.attributes
                0x00000374       0x39 Middlewares/Third_Party/FreeRTOS/Source/queue.o
 .ARM.attributes
                0x000003ad       0x39 Middlewares/Third_Party/FreeRTOS/Source/tasks.o
 .ARM.attributes
                0x000003e6       0x39 Middlewares/Third_Party/FreeRTOS/Source/portable/GCC/ARM_CM4F/port.o
 .ARM.attributes
                0x0000041f       0x39 Middlewares/Third_Party/FreeRTOS/Source/portable/MemMang/heap_4.o
 .ARM.attributes
                0x00000458       0x39 Src/App/app_control.o
 .ARM.attributes
                0x00000491       0x39 Src/App/app_rx.o
 .ARM.attributes
                0x000004ca       0x39 Src/App/app_sensing.o
 .ARM.attributes
                0x00000503       0x39 Src/App/app_tx.o
 .ARM.attributes
                0x0000053c       0x39 Src/data_table.o
 .ARM.attributes
                0x00000575       0x39 Src/dma.o
 .ARM.attributes
                0x000005ae       0x39 Src/freertos.o
 .ARM.attributes
                0x000005e7       0x39 Src/gpio.o
 .ARM.attributes
                0x00000620       0x39 Src/helpers.o
 .ARM.attributes
                0x00000659       0x39 Src/main.o
 .ARM.attributes
                0x00000692       0x39 Src/stm32l4xx_hal_msp.o
 .ARM.attributes
                0x000006cb       0x39 Src/stm32l4xx_hal_timebase_TIM.o
 .ARM.attributes
                0x00000704       0x39 Src/stm32l4xx_it.o
 .ARM.attributes
                0x0000073d       0x39 Src/system_stm32l4xx.o
 .ARM.attributes
                0x00000776       0x39 Src/tim.o
 .ARM.attributes
                0x000007af       0x39 Src/usart.o
 .ARM.attributes
                0x000007e8       0x21 startup/startup_stm32l432xx.o
 .ARM.attributes
                0x00000809       0x22 d:/ac6/systemworkbench/plugins/fr.ac6.mcu.externaltools.arm-none.win32_1.15.0.201708311556/tools/compiler/bin/../lib/gcc/arm-none-eabi/6.3.1/thumb/v7e-m/fpv4-sp/hard\libgcc.a(_aeabi_uldivmod.o)
 .ARM.attributes
                0x0000082b       0x34 d:/ac6/systemworkbench/plugins/fr.ac6.mcu.externaltools.arm-none.win32_1.15.0.201708311556/tools/compiler/bin/../lib/gcc/arm-none-eabi/6.3.1/thumb/v7e-m/fpv4-sp/hard\libgcc.a(_udivmoddi4.o)
 .ARM.attributes
                0x0000085f       0x22 d:/ac6/systemworkbench/plugins/fr.ac6.mcu.externaltools.arm-none.win32_1.15.0.201708311556/tools/compiler/bin/../lib/gcc/arm-none-eabi/6.3.1/thumb/v7e-m/fpv4-sp/hard\libgcc.a(_dvmd_tls.o)
 .ARM.attributes
                0x00000881       0x34 d:/ac6/systemworkbench/plugins/fr.ac6.mcu.externaltools.arm-none.win32_1.15.0.201708311556/tools/compiler/bin/../lib/gcc/arm-none-eabi/6.3.1/../../../../arm-none-eabi/lib/thumb/v7e-m/fpv4-sp/hard\libc_nano.a(lib_a-init.o)
 .ARM.attributes
                0x000008b5       0x34 d:/ac6/systemworkbench/plugins/fr.ac6.mcu.externaltools.arm-none.win32_1.15.0.201708311556/tools/compiler/bin/../lib/gcc/arm-none-eabi/6.3.1/../../../../arm-none-eabi/lib/thumb/v7e-m/fpv4-sp/hard\libc_nano.a(lib_a-memcpy-stub.o)
 .ARM.attributes
                0x000008e9       0x22 d:/ac6/systemworkbench/plugins/fr.ac6.mcu.externaltools.arm-none.win32_1.15.0.201708311556/tools/compiler/bin/../lib/gcc/arm-none-eabi/6.3.1/thumb/v7e-m/fpv4-sp/hard/crtn.o
OUTPUT(L432_Helper.elf elf32-littlearm)

.debug_info     0x00000000    0x2ae10
 .debug_info    0x00000000     0x119b Drivers/STM32L4xx_HAL_Driver/Src/stm32l4xx_hal.o
 .debug_info    0x0000119b     0x170b Drivers/STM32L4xx_HAL_Driver/Src/stm32l4xx_hal_cortex.o
 .debug_info    0x000028a6     0x1062 Drivers/STM32L4xx_HAL_Driver/Src/stm32l4xx_hal_dma.o
 .debug_info    0x00003908     0x1090 Drivers/STM32L4xx_HAL_Driver/Src/stm32l4xx_hal_gpio.o
 .debug_info    0x00004998     0x1224 Drivers/STM32L4xx_HAL_Driver/Src/stm32l4xx_hal_pwr.o
 .debug_info    0x00005bbc     0x122b Drivers/STM32L4xx_HAL_Driver/Src/stm32l4xx_hal_pwr_ex.o
 .debug_info    0x00006de7     0x15a3 Drivers/STM32L4xx_HAL_Driver/Src/stm32l4xx_hal_rcc.o
 .debug_info    0x0000838a     0x1898 Drivers/STM32L4xx_HAL_Driver/Src/stm32l4xx_hal_rcc_ex.o
 .debug_info    0x00009c22     0x37d8 Drivers/STM32L4xx_HAL_Driver/Src/stm32l4xx_hal_tim.o
 .debug_info    0x0000d3fa     0x1d32 Drivers/STM32L4xx_HAL_Driver/Src/stm32l4xx_hal_tim_ex.o
 .debug_info    0x0000f12c     0x2406 Drivers/STM32L4xx_HAL_Driver/Src/stm32l4xx_hal_uart.o
 .debug_info    0x00011532     0x1249 Drivers/STM32L4xx_HAL_Driver/Src/stm32l4xx_hal_uart_ex.o
 .debug_info    0x0001277b     0x2767 Middlewares/Third_Party/FreeRTOS/Source/CMSIS_RTOS/cmsis_os.o
 .debug_info    0x00014ee2      0xad4 Middlewares/Third_Party/FreeRTOS/Source/list.o
 .debug_info    0x000159b6     0x22f8 Middlewares/Third_Party/FreeRTOS/Source/queue.o
 .debug_info    0x00017cae     0x2ccc Middlewares/Third_Party/FreeRTOS/Source/tasks.o
 .debug_info    0x0001a97a      0x534 Middlewares/Third_Party/FreeRTOS/Source/portable/GCC/ARM_CM4F/port.o
 .debug_info    0x0001aeae      0xc78 Middlewares/Third_Party/FreeRTOS/Source/portable/MemMang/heap_4.o
 .debug_info    0x0001bb26      0xfe8 Src/App/app_control.o
 .debug_info    0x0001cb0e     0x1354 Src/App/app_rx.o
 .debug_info    0x0001de62      0x1b3 Src/App/app_sensing.o
 .debug_info    0x0001e015     0x1511 Src/App/app_tx.o
 .debug_info    0x0001f526      0x2f3 Src/data_table.o
 .debug_info    0x0001f819      0xdce Src/dma.o
 .debug_info    0x000205e7      0xb04 Src/freertos.o
 .debug_info    0x000210eb      0xd6d Src/gpio.o
 .debug_info    0x00021e58      0x201 Src/helpers.o
 .debug_info    0x00022059     0x1b6b Src/main.o
 .debug_info    0x00023bc4      0xe6f Src/stm32l4xx_hal_msp.o
 .debug_info    0x00024a33     0x140c Src/stm32l4xx_hal_timebase_TIM.o
 .debug_info    0x00025e3f     0x12af Src/stm32l4xx_it.o
 .debug_info    0x000270ee      0xdf6 Src/system_stm32l4xx.o
 .debug_info    0x00027ee4     0x17cb Src/tim.o
 .debug_info    0x000296af     0x16e0 Src/usart.o
 .debug_info    0x0002ad8f       0x81 startup/startup_stm32l432xx.o

.debug_abbrev   0x00000000     0x5895
 .debug_abbrev  0x00000000      0x2e3 Drivers/STM32L4xx_HAL_Driver/Src/stm32l4xx_hal.o
 .debug_abbrev  0x000002e3      0x3b8 Drivers/STM32L4xx_HAL_Driver/Src/stm32l4xx_hal_cortex.o
 .debug_abbrev  0x0000069b      0x2da Drivers/STM32L4xx_HAL_Driver/Src/stm32l4xx_hal_dma.o
 .debug_abbrev  0x00000975      0x2a5 Drivers/STM32L4xx_HAL_Driver/Src/stm32l4xx_hal_gpio.o
 .debug_abbrev  0x00000c1a      0x278 Drivers/STM32L4xx_HAL_Driver/Src/stm32l4xx_hal_pwr.o
 .debug_abbrev  0x00000e92      0x2d2 Drivers/STM32L4xx_HAL_Driver/Src/stm32l4xx_hal_pwr_ex.o
 .debug_abbrev  0x00001164      0x2ea Drivers/STM32L4xx_HAL_Driver/Src/stm32l4xx_hal_rcc.o
 .debug_abbrev  0x0000144e      0x30a Drivers/STM32L4xx_HAL_Driver/Src/stm32l4xx_hal_rcc_ex.o
 .debug_abbrev  0x00001758      0x2b1 Drivers/STM32L4xx_HAL_Driver/Src/stm32l4xx_hal_tim.o
 .debug_abbrev  0x00001a09      0x2dc Drivers/STM32L4xx_HAL_Driver/Src/stm32l4xx_hal_tim_ex.o
 .debug_abbrev  0x00001ce5      0x2f4 Drivers/STM32L4xx_HAL_Driver/Src/stm32l4xx_hal_uart.o
 .debug_abbrev  0x00001fd9      0x2be Drivers/STM32L4xx_HAL_Driver/Src/stm32l4xx_hal_uart_ex.o
 .debug_abbrev  0x00002297      0x3d0 Middlewares/Third_Party/FreeRTOS/Source/CMSIS_RTOS/cmsis_os.o
 .debug_abbrev  0x00002667      0x21c Middlewares/Third_Party/FreeRTOS/Source/list.o
 .debug_abbrev  0x00002883      0x38e Middlewares/Third_Party/FreeRTOS/Source/queue.o
 .debug_abbrev  0x00002c11      0x3cd Middlewares/Third_Party/FreeRTOS/Source/tasks.o
 .debug_abbrev  0x00002fde      0x205 Middlewares/Third_Party/FreeRTOS/Source/portable/GCC/ARM_CM4F/port.o
 .debug_abbrev  0x000031e3      0x318 Middlewares/Third_Party/FreeRTOS/Source/portable/MemMang/heap_4.o
 .debug_abbrev  0x000034fb      0x29f Src/App/app_control.o
 .debug_abbrev  0x0000379a      0x35a Src/App/app_rx.o
 .debug_abbrev  0x00003af4      0x11f Src/App/app_sensing.o
 .debug_abbrev  0x00003c13      0x329 Src/App/app_tx.o
 .debug_abbrev  0x00003f3c      0x17f Src/data_table.o
 .debug_abbrev  0x000040bb      0x232 Src/dma.o
 .debug_abbrev  0x000042ed      0x1bf Src/freertos.o
 .debug_abbrev  0x000044ac      0x229 Src/gpio.o
 .debug_abbrev  0x000046d5      0x12d Src/helpers.o
 .debug_abbrev  0x00004802      0x2a6 Src/main.o
 .debug_abbrev  0x00004aa8      0x232 Src/stm32l4xx_hal_msp.o
 .debug_abbrev  0x00004cda      0x295 Src/stm32l4xx_hal_timebase_TIM.o
 .debug_abbrev  0x00004f6f      0x205 Src/stm32l4xx_it.o
 .debug_abbrev  0x00005174      0x226 Src/system_stm32l4xx.o
 .debug_abbrev  0x0000539a      0x26e Src/tim.o
 .debug_abbrev  0x00005608      0x27b Src/usart.o
 .debug_abbrev  0x00005883       0x12 startup/startup_stm32l432xx.o

.debug_loc      0x00000000     0xe114
 .debug_loc     0x00000000       0x76 Drivers/STM32L4xx_HAL_Driver/Src/stm32l4xx_hal.o
 .debug_loc     0x00000076      0x5ce Drivers/STM32L4xx_HAL_Driver/Src/stm32l4xx_hal_cortex.o
 .debug_loc     0x00000644      0x738 Drivers/STM32L4xx_HAL_Driver/Src/stm32l4xx_hal_dma.o
 .debug_loc     0x00000d7c      0x343 Drivers/STM32L4xx_HAL_Driver/Src/stm32l4xx_hal_gpio.o
 .debug_loc     0x000010bf      0x17d Drivers/STM32L4xx_HAL_Driver/Src/stm32l4xx_hal_pwr.o
 .debug_loc     0x0000123c      0x571 Drivers/STM32L4xx_HAL_Driver/Src/stm32l4xx_hal_pwr_ex.o
 .debug_loc     0x000017ad      0x5e8 Drivers/STM32L4xx_HAL_Driver/Src/stm32l4xx_hal_rcc.o
 .debug_loc     0x00001d95     0x156b Drivers/STM32L4xx_HAL_Driver/Src/stm32l4xx_hal_rcc_ex.o
 .debug_loc     0x00003300     0x3721 Drivers/STM32L4xx_HAL_Driver/Src/stm32l4xx_hal_tim.o
 .debug_loc     0x00006a21     0x170b Drivers/STM32L4xx_HAL_Driver/Src/stm32l4xx_hal_tim_ex.o
 .debug_loc     0x0000812c     0x17a8 Drivers/STM32L4xx_HAL_Driver/Src/stm32l4xx_hal_uart.o
 .debug_loc     0x000098d4      0x390 Drivers/STM32L4xx_HAL_Driver/Src/stm32l4xx_hal_uart_ex.o
 .debug_loc     0x00009c64     0x10ca Middlewares/Third_Party/FreeRTOS/Source/CMSIS_RTOS/cmsis_os.o
 .debug_loc     0x0000ad2e       0x70 Middlewares/Third_Party/FreeRTOS/Source/list.o
 .debug_loc     0x0000ad9e     0x1004 Middlewares/Third_Party/FreeRTOS/Source/queue.o
 .debug_loc     0x0000bda2     0x1658 Middlewares/Third_Party/FreeRTOS/Source/tasks.o
 .debug_loc     0x0000d3fa      0x104 Middlewares/Third_Party/FreeRTOS/Source/portable/GCC/ARM_CM4F/port.o
 .debug_loc     0x0000d4fe      0x291 Middlewares/Third_Party/FreeRTOS/Source/portable/MemMang/heap_4.o
 .debug_loc     0x0000d78f      0x1a7 Src/App/app_rx.o
 .debug_loc     0x0000d936       0x57 Src/App/app_sensing.o
 .debug_loc     0x0000d98d       0xdd Src/App/app_tx.o
 .debug_loc     0x0000da6a      0x17a Src/data_table.o
 .debug_loc     0x0000dbe4       0xb8 Src/freertos.o
 .debug_loc     0x0000dc9c       0x93 Src/helpers.o
 .debug_loc     0x0000dd2f       0x53 Src/main.o
 .debug_loc     0x0000dd82       0x79 Src/stm32l4xx_hal_timebase_TIM.o
 .debug_loc     0x0000ddfb      0x1e4 Src/system_stm32l4xx.o
 .debug_loc     0x0000dfdf       0x95 Src/tim.o
 .debug_loc     0x0000e074       0xa0 Src/usart.o

.debug_aranges  0x00000000     0x1578
 .debug_aranges
                0x00000000       0xf0 Drivers/STM32L4xx_HAL_Driver/Src/stm32l4xx_hal.o
 .debug_aranges
                0x000000f0       0xa8 Drivers/STM32L4xx_HAL_Driver/Src/stm32l4xx_hal_cortex.o
 .debug_aranges
                0x00000198       0x80 Drivers/STM32L4xx_HAL_Driver/Src/stm32l4xx_hal_dma.o
 .debug_aranges
                0x00000218       0x58 Drivers/STM32L4xx_HAL_Driver/Src/stm32l4xx_hal_gpio.o
 .debug_aranges
                0x00000270       0x98 Drivers/STM32L4xx_HAL_Driver/Src/stm32l4xx_hal_pwr.o
 .debug_aranges
                0x00000308      0x108 Drivers/STM32L4xx_HAL_Driver/Src/stm32l4xx_hal_pwr_ex.o
 .debug_aranges
                0x00000410       0x88 Drivers/STM32L4xx_HAL_Driver/Src/stm32l4xx_hal_rcc.o
 .debug_aranges
                0x00000498       0xe8 Drivers/STM32L4xx_HAL_Driver/Src/stm32l4xx_hal_rcc_ex.o
 .debug_aranges
                0x00000580      0x378 Drivers/STM32L4xx_HAL_Driver/Src/stm32l4xx_hal_tim.o
 .debug_aranges
                0x000008f8      0x158 Drivers/STM32L4xx_HAL_Driver/Src/stm32l4xx_hal_tim_ex.o
 .debug_aranges
                0x00000a50      0x1f8 Drivers/STM32L4xx_HAL_Driver/Src/stm32l4xx_hal_uart.o
 .debug_aranges
                0x00000c48       0x60 Drivers/STM32L4xx_HAL_Driver/Src/stm32l4xx_hal_uart_ex.o
 .debug_aranges
                0x00000ca8      0x1d8 Middlewares/Third_Party/FreeRTOS/Source/CMSIS_RTOS/cmsis_os.o
 .debug_aranges
                0x00000e80       0x40 Middlewares/Third_Party/FreeRTOS/Source/list.o
 .debug_aranges
                0x00000ec0       0xf0 Middlewares/Third_Party/FreeRTOS/Source/queue.o
 .debug_aranges
                0x00000fb0      0x1a0 Middlewares/Third_Party/FreeRTOS/Source/tasks.o
 .debug_aranges
                0x00001150       0x80 Middlewares/Third_Party/FreeRTOS/Source/portable/GCC/ARM_CM4F/port.o
 .debug_aranges
                0x000011d0       0x50 Middlewares/Third_Party/FreeRTOS/Source/portable/MemMang/heap_4.o
 .debug_aranges
                0x00001220       0x38 Src/App/app_control.o
 .debug_aranges
                0x00001258       0x40 Src/App/app_rx.o
 .debug_aranges
                0x00001298       0x20 Src/App/app_sensing.o
 .debug_aranges
                0x000012b8       0x38 Src/App/app_tx.o
 .debug_aranges
                0x000012f0       0x38 Src/data_table.o
 .debug_aranges
                0x00001328       0x20 Src/dma.o
 .debug_aranges
                0x00001348       0x50 Src/freertos.o
 .debug_aranges
                0x00001398       0x20 Src/gpio.o
 .debug_aranges
                0x000013b8       0x30 Src/helpers.o
 .debug_aranges
                0x000013e8       0x38 Src/main.o
 .debug_aranges
                0x00001420       0x20 Src/stm32l4xx_hal_msp.o
 .debug_aranges
                0x00001440       0x30 Src/stm32l4xx_hal_timebase_TIM.o
 .debug_aranges
                0x00001470       0x40 Src/stm32l4xx_it.o
 .debug_aranges
                0x000014b0       0x28 Src/system_stm32l4xx.o
 .debug_aranges
                0x000014d8       0x40 Src/tim.o
 .debug_aranges
                0x00001518       0x38 Src/usart.o
 .debug_aranges
                0x00001550       0x28 startup/startup_stm32l432xx.o

.debug_ranges   0x00000000     0x15d8
 .debug_ranges  0x00000000       0xe0 Drivers/STM32L4xx_HAL_Driver/Src/stm32l4xx_hal.o
 .debug_ranges  0x000000e0       0xf8 Drivers/STM32L4xx_HAL_Driver/Src/stm32l4xx_hal_cortex.o
 .debug_ranges  0x000001d8       0x70 Drivers/STM32L4xx_HAL_Driver/Src/stm32l4xx_hal_dma.o
 .debug_ranges  0x00000248       0x48 Drivers/STM32L4xx_HAL_Driver/Src/stm32l4xx_hal_gpio.o
 .debug_ranges  0x00000290       0x88 Drivers/STM32L4xx_HAL_Driver/Src/stm32l4xx_hal_pwr.o
 .debug_ranges  0x00000318       0xf8 Drivers/STM32L4xx_HAL_Driver/Src/stm32l4xx_hal_pwr_ex.o
 .debug_ranges  0x00000410       0x90 Drivers/STM32L4xx_HAL_Driver/Src/stm32l4xx_hal_rcc.o
 .debug_ranges  0x000004a0       0xf8 Drivers/STM32L4xx_HAL_Driver/Src/stm32l4xx_hal_rcc_ex.o
 .debug_ranges  0x00000598      0x368 Drivers/STM32L4xx_HAL_Driver/Src/stm32l4xx_hal_tim.o
 .debug_ranges  0x00000900      0x148 Drivers/STM32L4xx_HAL_Driver/Src/stm32l4xx_hal_tim_ex.o
 .debug_ranges  0x00000a48      0x1e8 Drivers/STM32L4xx_HAL_Driver/Src/stm32l4xx_hal_uart.o
 .debug_ranges  0x00000c30       0x50 Drivers/STM32L4xx_HAL_Driver/Src/stm32l4xx_hal_uart_ex.o
 .debug_ranges  0x00000c80      0x1c8 Middlewares/Third_Party/FreeRTOS/Source/CMSIS_RTOS/cmsis_os.o
 .debug_ranges  0x00000e48       0x30 Middlewares/Third_Party/FreeRTOS/Source/list.o
 .debug_ranges  0x00000e78      0x190 Middlewares/Third_Party/FreeRTOS/Source/queue.o
 .debug_ranges  0x00001008      0x258 Middlewares/Third_Party/FreeRTOS/Source/tasks.o
 .debug_ranges  0x00001260       0x88 Middlewares/Third_Party/FreeRTOS/Source/portable/GCC/ARM_CM4F/port.o
 .debug_ranges  0x000012e8       0x40 Middlewares/Third_Party/FreeRTOS/Source/portable/MemMang/heap_4.o
 .debug_ranges  0x00001328       0x28 Src/App/app_control.o
 .debug_ranges  0x00001350       0x60 Src/App/app_rx.o
 .debug_ranges  0x000013b0       0x10 Src/App/app_sensing.o
 .debug_ranges  0x000013c0       0x58 Src/App/app_tx.o
 .debug_ranges  0x00001418       0x28 Src/data_table.o
 .debug_ranges  0x00001440       0x10 Src/dma.o
 .debug_ranges  0x00001450       0x40 Src/freertos.o
 .debug_ranges  0x00001490       0x10 Src/gpio.o
 .debug_ranges  0x000014a0       0x20 Src/helpers.o
 .debug_ranges  0x000014c0       0x28 Src/main.o
 .debug_ranges  0x000014e8       0x10 Src/stm32l4xx_hal_msp.o
 .debug_ranges  0x000014f8       0x20 Src/stm32l4xx_hal_timebase_TIM.o
 .debug_ranges  0x00001518       0x30 Src/stm32l4xx_it.o
 .debug_ranges  0x00001548       0x18 Src/system_stm32l4xx.o
 .debug_ranges  0x00001560       0x30 Src/tim.o
 .debug_ranges  0x00001590       0x28 Src/usart.o
 .debug_ranges  0x000015b8       0x20 startup/startup_stm32l432xx.o

.debug_macro    0x00000000    0x25711
 .debug_macro   0x00000000      0x377 Drivers/STM32L4xx_HAL_Driver/Src/stm32l4xx_hal.o
 .debug_macro   0x00000377      0x8bc Drivers/STM32L4xx_HAL_Driver/Src/stm32l4xx_hal.o
 .debug_macro   0x00000c33       0x58 Drivers/STM32L4xx_HAL_Driver/Src/stm32l4xx_hal.o
 .debug_macro   0x00000c8b       0xb4 Drivers/STM32L4xx_HAL_Driver/Src/stm32l4xx_hal.o
 .debug_macro   0x00000d3f       0x2e Drivers/STM32L4xx_HAL_Driver/Src/stm32l4xx_hal.o
 .debug_macro   0x00000d6d       0x28 Drivers/STM32L4xx_HAL_Driver/Src/stm32l4xx_hal.o
 .debug_macro   0x00000d95       0x22 Drivers/STM32L4xx_HAL_Driver/Src/stm32l4xx_hal.o
 .debug_macro   0x00000db7       0x87 Drivers/STM32L4xx_HAL_Driver/Src/stm32l4xx_hal.o
 .debug_macro   0x00000e3e       0x51 Drivers/STM32L4xx_HAL_Driver/Src/stm32l4xx_hal.o
 .debug_macro   0x00000e8f       0xef Drivers/STM32L4xx_HAL_Driver/Src/stm32l4xx_hal.o
 .debug_macro   0x00000f7e       0x6a Drivers/STM32L4xx_HAL_Driver/Src/stm32l4xx_hal.o
 .debug_macro   0x00000fe8      0x1df Drivers/STM32L4xx_HAL_Driver/Src/stm32l4xx_hal.o
 .debug_macro   0x000011c7       0x35 Drivers/STM32L4xx_HAL_Driver/Src/stm32l4xx_hal.o
 .debug_macro   0x000011fc       0x50 Drivers/STM32L4xx_HAL_Driver/Src/stm32l4xx_hal.o
 .debug_macro   0x0000124c      0xe66 Drivers/STM32L4xx_HAL_Driver/Src/stm32l4xx_hal.o
 .debug_macro   0x000020b2    0x14728 Drivers/STM32L4xx_HAL_Driver/Src/stm32l4xx_hal.o
 .debug_macro   0x000167da       0x43 Drivers/STM32L4xx_HAL_Driver/Src/stm32l4xx_hal.o
 .debug_macro   0x0001681d     0x3788 Drivers/STM32L4xx_HAL_Driver/Src/stm32l4xx_hal.o
 .debug_macro   0x00019fa5       0x58 Drivers/STM32L4xx_HAL_Driver/Src/stm32l4xx_hal.o
 .debug_macro   0x00019ffd       0x35 Drivers/STM32L4xx_HAL_Driver/Src/stm32l4xx_hal.o
 .debug_macro   0x0001a032       0x9c Drivers/STM32L4xx_HAL_Driver/Src/stm32l4xx_hal.o
 .debug_macro   0x0001a0ce       0x16 Drivers/STM32L4xx_HAL_Driver/Src/stm32l4xx_hal.o
 .debug_macro   0x0001a0e4       0x97 Drivers/STM32L4xx_HAL_Driver/Src/stm32l4xx_hal.o
 .debug_macro   0x0001a17b      0x330 Drivers/STM32L4xx_HAL_Driver/Src/stm32l4xx_hal.o
 .debug_macro   0x0001a4ab       0xfd Drivers/STM32L4xx_HAL_Driver/Src/stm32l4xx_hal.o
 .debug_macro   0x0001a5a8       0x10 Drivers/STM32L4xx_HAL_Driver/Src/stm32l4xx_hal.o
 .debug_macro   0x0001a5b8       0x58 Drivers/STM32L4xx_HAL_Driver/Src/stm32l4xx_hal.o
 .debug_macro   0x0001a610       0x1f Drivers/STM32L4xx_HAL_Driver/Src/stm32l4xx_hal.o
 .debug_macro   0x0001a62f       0x43 Drivers/STM32L4xx_HAL_Driver/Src/stm32l4xx_hal.o
 .debug_macro   0x0001a672       0x20 Drivers/STM32L4xx_HAL_Driver/Src/stm32l4xx_hal.o
 .debug_macro   0x0001a692      0x187 Drivers/STM32L4xx_HAL_Driver/Src/stm32l4xx_hal.o
 .debug_macro   0x0001a819       0x10 Drivers/STM32L4xx_HAL_Driver/Src/stm32l4xx_hal.o
 .debug_macro   0x0001a829       0x1c Drivers/STM32L4xx_HAL_Driver/Src/stm32l4xx_hal.o
 .debug_macro   0x0001a845       0x52 Drivers/STM32L4xx_HAL_Driver/Src/stm32l4xx_hal.o
 .debug_macro   0x0001a897       0x40 Drivers/STM32L4xx_HAL_Driver/Src/stm32l4xx_hal.o
 .debug_macro   0x0001a8d7       0x10 Drivers/STM32L4xx_HAL_Driver/Src/stm32l4xx_hal.o
 .debug_macro   0x0001a8e7       0x40 Drivers/STM32L4xx_HAL_Driver/Src/stm32l4xx_hal.o
 .debug_macro   0x0001a927       0xd7 Drivers/STM32L4xx_HAL_Driver/Src/stm32l4xx_hal.o
 .debug_macro   0x0001a9fe       0x16 Drivers/STM32L4xx_HAL_Driver/Src/stm32l4xx_hal.o
 .debug_macro   0x0001aa14      0x18b Drivers/STM32L4xx_HAL_Driver/Src/stm32l4xx_hal.o
 .debug_macro   0x0001ab9f       0x50 Drivers/STM32L4xx_HAL_Driver/Src/stm32l4xx_hal.o
 .debug_macro   0x0001abef     0x118b Drivers/STM32L4xx_HAL_Driver/Src/stm32l4xx_hal.o
 .debug_macro   0x0001bd7a      0x535 Drivers/STM32L4xx_HAL_Driver/Src/stm32l4xx_hal.o
 .debug_macro   0x0001c2af      0x148 Drivers/STM32L4xx_HAL_Driver/Src/stm32l4xx_hal.o
 .debug_macro   0x0001c3f7      0x10b Drivers/STM32L4xx_HAL_Driver/Src/stm32l4xx_hal.o
 .debug_macro   0x0001c502      0x26b Drivers/STM32L4xx_HAL_Driver/Src/stm32l4xx_hal.o
 .debug_macro   0x0001c76d      0x23a Drivers/STM32L4xx_HAL_Driver/Src/stm32l4xx_hal.o
 .debug_macro   0x0001c9a7      0x367 Drivers/STM32L4xx_HAL_Driver/Src/stm32l4xx_hal.o
 .debug_macro   0x0001cd0e       0xe4 Drivers/STM32L4xx_HAL_Driver/Src/stm32l4xx_hal.o
 .debug_macro   0x0001cdf2      0x225 Drivers/STM32L4xx_HAL_Driver/Src/stm32l4xx_hal.o
 .debug_macro   0x0001d017       0x61 Drivers/STM32L4xx_HAL_Driver/Src/stm32l4xx_hal.o
 .debug_macro   0x0001d078       0x97 Drivers/STM32L4xx_HAL_Driver/Src/stm32l4xx_hal.o
 .debug_macro   0x0001d10f      0x126 Drivers/STM32L4xx_HAL_Driver/Src/stm32l4xx_hal.o
 .debug_macro   0x0001d235      0x2d2 Drivers/STM32L4xx_HAL_Driver/Src/stm32l4xx_hal.o
 .debug_macro   0x0001d507      0x9f7 Drivers/STM32L4xx_HAL_Driver/Src/stm32l4xx_hal.o
 .debug_macro   0x0001defe      0x135 Drivers/STM32L4xx_HAL_Driver/Src/stm32l4xx_hal.o
 .debug_macro   0x0001e033      0x55f Drivers/STM32L4xx_HAL_Driver/Src/stm32l4xx_hal.o
 .debug_macro   0x0001e592       0x44 Drivers/STM32L4xx_HAL_Driver/Src/stm32l4xx_hal.o
 .debug_macro   0x0001e5d6      0x21a Drivers/STM32L4xx_HAL_Driver/Src/stm32l4xx_hal.o
 .debug_macro   0x0001e7f0      0x32f Drivers/STM32L4xx_HAL_Driver/Src/stm32l4xx_hal_cortex.o
 .debug_macro   0x0001eb1f      0x32f Drivers/STM32L4xx_HAL_Driver/Src/stm32l4xx_hal_dma.o
 .debug_macro   0x0001ee4e      0x36e Drivers/STM32L4xx_HAL_Driver/Src/stm32l4xx_hal_gpio.o
 .debug_macro   0x0001f1bc      0x347 Drivers/STM32L4xx_HAL_Driver/Src/stm32l4xx_hal_pwr.o
 .debug_macro   0x0001f503      0x353 Drivers/STM32L4xx_HAL_Driver/Src/stm32l4xx_hal_pwr_ex.o
 .debug_macro   0x0001f856      0x371 Drivers/STM32L4xx_HAL_Driver/Src/stm32l4xx_hal_rcc.o
 .debug_macro   0x0001fbc7      0x365 Drivers/STM32L4xx_HAL_Driver/Src/stm32l4xx_hal_rcc_ex.o
 .debug_macro   0x0001ff2c      0x330 Drivers/STM32L4xx_HAL_Driver/Src/stm32l4xx_hal_tim.o
 .debug_macro   0x0002025c      0x32f Drivers/STM32L4xx_HAL_Driver/Src/stm32l4xx_hal_tim_ex.o
 .debug_macro   0x0002058b      0x35a Drivers/STM32L4xx_HAL_Driver/Src/stm32l4xx_hal_uart.o
 .debug_macro   0x000208e5      0x32f Drivers/STM32L4xx_HAL_Driver/Src/stm32l4xx_hal_uart_ex.o
 .debug_macro   0x00020c14      0x1f3 Middlewares/Third_Party/FreeRTOS/Source/CMSIS_RTOS/cmsis_os.o
 .debug_macro   0x00020e07       0x52 Middlewares/Third_Party/FreeRTOS/Source/CMSIS_RTOS/cmsis_os.o
 .debug_macro   0x00020e59       0x8d Middlewares/Third_Party/FreeRTOS/Source/CMSIS_RTOS/cmsis_os.o
 .debug_macro   0x00020ee6      0x174 Middlewares/Third_Party/FreeRTOS/Source/CMSIS_RTOS/cmsis_os.o
 .debug_macro   0x0002105a       0x57 Middlewares/Third_Party/FreeRTOS/Source/CMSIS_RTOS/cmsis_os.o
 .debug_macro   0x000210b1       0x10 Middlewares/Third_Party/FreeRTOS/Source/CMSIS_RTOS/cmsis_os.o
 .debug_macro   0x000210c1       0x35 Middlewares/Third_Party/FreeRTOS/Source/CMSIS_RTOS/cmsis_os.o
 .debug_macro   0x000210f6       0xd2 Middlewares/Third_Party/FreeRTOS/Source/CMSIS_RTOS/cmsis_os.o
 .debug_macro   0x000211c8      0x168 Middlewares/Third_Party/FreeRTOS/Source/CMSIS_RTOS/cmsis_os.o
 .debug_macro   0x00021330       0xe4 Middlewares/Third_Party/FreeRTOS/Source/CMSIS_RTOS/cmsis_os.o
 .debug_macro   0x00021414       0x10 Middlewares/Third_Party/FreeRTOS/Source/CMSIS_RTOS/cmsis_os.o
 .debug_macro   0x00021424       0x26 Middlewares/Third_Party/FreeRTOS/Source/CMSIS_RTOS/cmsis_os.o
 .debug_macro   0x0002144a      0x40f Middlewares/Third_Party/FreeRTOS/Source/CMSIS_RTOS/cmsis_os.o
 .debug_macro   0x00021859       0xc0 Middlewares/Third_Party/FreeRTOS/Source/CMSIS_RTOS/cmsis_os.o
 .debug_macro   0x00021919       0x8c Middlewares/Third_Party/FreeRTOS/Source/CMSIS_RTOS/cmsis_os.o
 .debug_macro   0x000219a5       0x91 Middlewares/Third_Party/FreeRTOS/Source/CMSIS_RTOS/cmsis_os.o
 .debug_macro   0x00021a36       0x9b Middlewares/Third_Party/FreeRTOS/Source/CMSIS_RTOS/cmsis_os.o
 .debug_macro   0x00021ad1       0x78 Middlewares/Third_Party/FreeRTOS/Source/CMSIS_RTOS/cmsis_os.o
 .debug_macro   0x00021b49       0x19 Middlewares/Third_Party/FreeRTOS/Source/CMSIS_RTOS/cmsis_os.o
 .debug_macro   0x00021b62       0xf2 Middlewares/Third_Party/FreeRTOS/Source/CMSIS_RTOS/cmsis_os.o
 .debug_macro   0x00021c54       0x26 Middlewares/Third_Party/FreeRTOS/Source/CMSIS_RTOS/cmsis_os.o
 .debug_macro   0x00021c7a      0x18b Middlewares/Third_Party/FreeRTOS/Source/list.o
 .debug_macro   0x00021e05      0x207 Middlewares/Third_Party/FreeRTOS/Source/queue.o
 .debug_macro   0x0002200c       0x16 Middlewares/Third_Party/FreeRTOS/Source/queue.o
 .debug_macro   0x00022022      0x26a Middlewares/Third_Party/FreeRTOS/Source/tasks.o
 .debug_macro   0x0002228c       0x11 Middlewares/Third_Party/FreeRTOS/Source/tasks.o
 .debug_macro   0x0002229d      0x1ad Middlewares/Third_Party/FreeRTOS/Source/portable/GCC/ARM_CM4F/port.o
 .debug_macro   0x0002244a      0x1b2 Middlewares/Third_Party/FreeRTOS/Source/portable/MemMang/heap_4.o
 .debug_macro   0x000225fc      0x355 Src/App/app_control.o
 .debug_macro   0x00022951       0x22 Src/App/app_control.o
 .debug_macro   0x00022973       0x16 Src/App/app_control.o
 .debug_macro   0x00022989       0x3b Src/App/app_control.o
 .debug_macro   0x000229c4      0x444 Src/App/app_rx.o
 .debug_macro   0x00022e08       0xba Src/App/app_rx.o
 .debug_macro   0x00022ec2       0x1c Src/App/app_rx.o
 .debug_macro   0x00022ede       0x8e Src/App/app_sensing.o
 .debug_macro   0x00022f6c       0x10 Src/App/app_sensing.o
 .debug_macro   0x00022f7c      0x41b Src/App/app_tx.o
 .debug_macro   0x00023397       0x1c Src/App/app_tx.o
 .debug_macro   0x000233b3      0x143 Src/data_table.o
 .debug_macro   0x000234f6      0x339 Src/dma.o
 .debug_macro   0x0002382f      0x173 Src/freertos.o
 .debug_macro   0x000239a2      0x339 Src/gpio.o
 .debug_macro   0x00023cdb      0x13e Src/helpers.o
 .debug_macro   0x00023e19      0x419 Src/main.o
 .debug_macro   0x00024232       0xd8 Src/main.o
 .debug_macro   0x0002430a      0x32f Src/stm32l4xx_hal_msp.o
 .debug_macro   0x00024639      0x32f Src/stm32l4xx_hal_timebase_TIM.o
 .debug_macro   0x00024968      0x3ed Src/stm32l4xx_it.o
 .debug_macro   0x00024d55      0x336 Src/system_stm32l4xx.o
 .debug_macro   0x0002508b      0x339 Src/tim.o
 .debug_macro   0x000253c4      0x34d Src/usart.o

.debug_line     0x00000000    0x15bcc
 .debug_line    0x00000000      0xa2a Drivers/STM32L4xx_HAL_Driver/Src/stm32l4xx_hal.o
 .debug_line    0x00000a2a      0xa4f Drivers/STM32L4xx_HAL_Driver/Src/stm32l4xx_hal_cortex.o
 .debug_line    0x00001479      0xaaa Drivers/STM32L4xx_HAL_Driver/Src/stm32l4xx_hal_dma.o
 .debug_line    0x00001f23      0x991 Drivers/STM32L4xx_HAL_Driver/Src/stm32l4xx_hal_gpio.o
 .debug_line    0x000028b4      0x988 Drivers/STM32L4xx_HAL_Driver/Src/stm32l4xx_hal_pwr.o
 .debug_line    0x0000323c      0xb81 Drivers/STM32L4xx_HAL_Driver/Src/stm32l4xx_hal_pwr_ex.o
 .debug_line    0x00003dbd      0xb91 Drivers/STM32L4xx_HAL_Driver/Src/stm32l4xx_hal_rcc.o
 .debug_line    0x0000494e      0xdb2 Drivers/STM32L4xx_HAL_Driver/Src/stm32l4xx_hal_rcc_ex.o
 .debug_line    0x00005700     0x1ab1 Drivers/STM32L4xx_HAL_Driver/Src/stm32l4xx_hal_tim.o
 .debug_line    0x000071b1      0xf14 Drivers/STM32L4xx_HAL_Driver/Src/stm32l4xx_hal_tim_ex.o
 .debug_line    0x000080c5     0x137b Drivers/STM32L4xx_HAL_Driver/Src/stm32l4xx_hal_uart.o
 .debug_line    0x00009440      0x9aa Drivers/STM32L4xx_HAL_Driver/Src/stm32l4xx_hal_uart_ex.o
 .debug_line    0x00009dea      0xc17 Middlewares/Third_Party/FreeRTOS/Source/CMSIS_RTOS/cmsis_os.o
 .debug_line    0x0000aa01      0x595 Middlewares/Third_Party/FreeRTOS/Source/list.o
 .debug_line    0x0000af96      0xb22 Middlewares/Third_Party/FreeRTOS/Source/queue.o
 .debug_line    0x0000bab8      0xe89 Middlewares/Third_Party/FreeRTOS/Source/tasks.o
 .debug_line    0x0000c941      0x616 Middlewares/Third_Party/FreeRTOS/Source/portable/GCC/ARM_CM4F/port.o
 .debug_line    0x0000cf57      0x647 Middlewares/Third_Party/FreeRTOS/Source/portable/MemMang/heap_4.o
 .debug_line    0x0000d59e      0x8e3 Src/App/app_control.o
 .debug_line    0x0000de81      0xb84 Src/App/app_rx.o
 .debug_line    0x0000ea05      0x38f Src/App/app_sensing.o
 .debug_line    0x0000ed94      0xb3d Src/App/app_tx.o
 .debug_line    0x0000f8d1      0x599 Src/data_table.o
 .debug_line    0x0000fe6a      0x839 Src/dma.o
 .debug_line    0x000106a3      0x675 Src/freertos.o
 .debug_line    0x00010d18      0x83f Src/gpio.o
 .debug_line    0x00011557      0x56c Src/helpers.o
 .debug_line    0x00011ac3      0xb18 Src/main.o
 .debug_line    0x000125db      0x842 Src/stm32l4xx_hal_msp.o
 .debug_line    0x00012e1d      0x872 Src/stm32l4xx_hal_timebase_TIM.o
 .debug_line    0x0001368f      0xa9f Src/stm32l4xx_it.o
 .debug_line    0x0001412e      0x87b Src/system_stm32l4xx.o
 .debug_line    0x000149a9      0x8c0 Src/tim.o
 .debug_line    0x00015269      0x8e4 Src/usart.o
 .debug_line    0x00015b4d       0x7f startup/startup_stm32l432xx.o

.debug_str      0x00000000    0xcdc06
 .debug_str     0x00000000    0xc0d4f Drivers/STM32L4xx_HAL_Driver/Src/stm32l4xx_hal.o
                              0xc117a (size before relaxing)
 .debug_str     0x000c0d4f      0x39e Drivers/STM32L4xx_HAL_Driver/Src/stm32l4xx_hal_cortex.o
                              0xc0f95 (size before relaxing)
 .debug_str     0x000c10ed      0x3fd Drivers/STM32L4xx_HAL_Driver/Src/stm32l4xx_hal_dma.o
                              0xc0b03 (size before relaxing)
 .debug_str     0x000c14ea      0x30d Drivers/STM32L4xx_HAL_Driver/Src/stm32l4xx_hal_gpio.o
                              0xc0b3c (size before relaxing)
 .debug_str     0x000c17f7      0x35e Drivers/STM32L4xx_HAL_Driver/Src/stm32l4xx_hal_pwr.o
                              0xc0be6 (size before relaxing)
 .debug_str     0x000c1b55      0x318 Drivers/STM32L4xx_HAL_Driver/Src/stm32l4xx_hal_pwr_ex.o
                              0xc0cc2 (size before relaxing)
 .debug_str     0x000c1e6d      0x4e6 Drivers/STM32L4xx_HAL_Driver/Src/stm32l4xx_hal_rcc.o
                              0xc0dfa (size before relaxing)
 .debug_str     0x000c2353      0x69b Drivers/STM32L4xx_HAL_Driver/Src/stm32l4xx_hal_rcc_ex.o
                              0xc10b6 (size before relaxing)
 .debug_str     0x000c29ee      0xf0d Drivers/STM32L4xx_HAL_Driver/Src/stm32l4xx_hal_tim.o
                              0xc18b3 (size before relaxing)
 .debug_str     0x000c38fb      0x60a Drivers/STM32L4xx_HAL_Driver/Src/stm32l4xx_hal_tim_ex.o
                              0xc127e (size before relaxing)
 .debug_str     0x000c3f05      0xa4d Drivers/STM32L4xx_HAL_Driver/Src/stm32l4xx_hal_uart.o
                              0xc151d (size before relaxing)
 .debug_str     0x000c4952      0x185 Drivers/STM32L4xx_HAL_Driver/Src/stm32l4xx_hal_uart_ex.o
                              0xc0d71 (size before relaxing)
 .debug_str     0x000c4ad7     0x647e Middlewares/Third_Party/FreeRTOS/Source/CMSIS_RTOS/cmsis_os.o
                               0xcba5 (size before relaxing)
 .debug_str     0x000caf55      0x225 Middlewares/Third_Party/FreeRTOS/Source/list.o
                               0x96ad (size before relaxing)
 .debug_str     0x000cb17a      0x707 Middlewares/Third_Party/FreeRTOS/Source/queue.o
                               0xaebc (size before relaxing)
 .debug_str     0x000cb881      0xf7f Middlewares/Third_Party/FreeRTOS/Source/tasks.o
                               0xb8b3 (size before relaxing)
 .debug_str     0x000cc800      0x77c Middlewares/Third_Party/FreeRTOS/Source/portable/GCC/ARM_CM4F/port.o
                               0x7725 (size before relaxing)
 .debug_str     0x000ccf7c      0x243 Middlewares/Third_Party/FreeRTOS/Source/portable/MemMang/heap_4.o
                               0x9ded (size before relaxing)
 .debug_str     0x000cd1bf      0x178 Src/App/app_control.o
                              0xc0c37 (size before relaxing)
 .debug_str     0x000cd337      0x19c Src/App/app_rx.o
                              0xc6607 (size before relaxing)
 .debug_str     0x000cd4d3       0x8b Src/App/app_sensing.o
                               0x3602 (size before relaxing)
 .debug_str     0x000cd55e       0xa2 Src/App/app_tx.o
                              0xc6793 (size before relaxing)
 .debug_str     0x000cd600       0x9d Src/data_table.o
                               0x926c (size before relaxing)
 .debug_str     0x000cd69d       0x22 Src/dma.o
                              0xc0bb4 (size before relaxing)
 .debug_str     0x000cd6bf      0x246 Src/freertos.o
                               0x98b9 (size before relaxing)
 .debug_str     0x000cd905       0x25 Src/gpio.o
                              0xc0881 (size before relaxing)
 .debug_str     0x000cd92a       0x66 Src/helpers.o
                               0x91d6 (size before relaxing)
 .debug_str     0x000cd990       0x99 Src/main.o
                              0xc6eef (size before relaxing)
 .debug_str     0x000cda29       0x1b Src/stm32l4xx_hal_msp.o
                              0xc0bc3 (size before relaxing)
 .debug_str     0x000cda44       0x61 Src/stm32l4xx_hal_timebase_TIM.o
                              0xc1128 (size before relaxing)
 .debug_str     0x000cdaa5       0xb3 Src/stm32l4xx_it.o
                              0xc65bf (size before relaxing)
 .debug_str     0x000cdb58       0x50 Src/system_stm32l4xx.o
                              0xc0866 (size before relaxing)
 .debug_str     0x000cdba8       0x44 Src/tim.o
                              0xc12c2 (size before relaxing)
 .debug_str     0x000cdbec       0x1a Src/usart.o
                              0xc11bc (size before relaxing)

.comment        0x00000000       0x7f
 .comment       0x00000000       0x7f Drivers/STM32L4xx_HAL_Driver/Src/stm32l4xx_hal.o
                                 0x80 (size before relaxing)
 .comment       0x0000007f       0x80 Drivers/STM32L4xx_HAL_Driver/Src/stm32l4xx_hal_cortex.o
 .comment       0x0000007f       0x80 Drivers/STM32L4xx_HAL_Driver/Src/stm32l4xx_hal_dma.o
 .comment       0x0000007f       0x80 Drivers/STM32L4xx_HAL_Driver/Src/stm32l4xx_hal_gpio.o
 .comment       0x0000007f       0x80 Drivers/STM32L4xx_HAL_Driver/Src/stm32l4xx_hal_pwr.o
 .comment       0x0000007f       0x80 Drivers/STM32L4xx_HAL_Driver/Src/stm32l4xx_hal_pwr_ex.o
 .comment       0x0000007f       0x80 Drivers/STM32L4xx_HAL_Driver/Src/stm32l4xx_hal_rcc.o
 .comment       0x0000007f       0x80 Drivers/STM32L4xx_HAL_Driver/Src/stm32l4xx_hal_rcc_ex.o
 .comment       0x0000007f       0x80 Drivers/STM32L4xx_HAL_Driver/Src/stm32l4xx_hal_tim.o
 .comment       0x0000007f       0x80 Drivers/STM32L4xx_HAL_Driver/Src/stm32l4xx_hal_tim_ex.o
 .comment       0x0000007f       0x80 Drivers/STM32L4xx_HAL_Driver/Src/stm32l4xx_hal_uart.o
 .comment       0x0000007f       0x80 Drivers/STM32L4xx_HAL_Driver/Src/stm32l4xx_hal_uart_ex.o
 .comment       0x0000007f       0x80 Middlewares/Third_Party/FreeRTOS/Source/CMSIS_RTOS/cmsis_os.o
 .comment       0x0000007f       0x80 Middlewares/Third_Party/FreeRTOS/Source/list.o
 .comment       0x0000007f       0x80 Middlewares/Third_Party/FreeRTOS/Source/queue.o
 .comment       0x0000007f       0x80 Middlewares/Third_Party/FreeRTOS/Source/tasks.o
 .comment       0x0000007f       0x80 Middlewares/Third_Party/FreeRTOS/Source/portable/GCC/ARM_CM4F/port.o
 .comment       0x0000007f       0x80 Middlewares/Third_Party/FreeRTOS/Source/portable/MemMang/heap_4.o
 .comment       0x0000007f       0x80 Src/App/app_control.o
 .comment       0x0000007f       0x80 Src/App/app_rx.o
 .comment       0x0000007f       0x80 Src/App/app_sensing.o
 .comment       0x0000007f       0x80 Src/App/app_tx.o
 .comment       0x0000007f       0x80 Src/data_table.o
 .comment       0x0000007f       0x80 Src/dma.o
 .comment       0x0000007f       0x80 Src/freertos.o
 .comment       0x0000007f       0x80 Src/gpio.o
 .comment       0x0000007f       0x80 Src/helpers.o
 .comment       0x0000007f       0x80 Src/main.o
 .comment       0x0000007f       0x80 Src/stm32l4xx_hal_msp.o
 .comment       0x0000007f       0x80 Src/stm32l4xx_hal_timebase_TIM.o
 .comment       0x0000007f       0x80 Src/stm32l4xx_it.o
 .comment       0x0000007f       0x80 Src/system_stm32l4xx.o
 .comment       0x0000007f       0x80 Src/tim.o
 .comment       0x0000007f       0x80 Src/usart.o

.debug_frame    0x00000000     0x37a0
 .debug_frame   0x00000000      0x1e4 Drivers/STM32L4xx_HAL_Driver/Src/stm32l4xx_hal.o
 .debug_frame   0x000001e4      0x15c Drivers/STM32L4xx_HAL_Driver/Src/stm32l4xx_hal_cortex.o
 .debug_frame   0x00000340      0x158 Drivers/STM32L4xx_HAL_Driver/Src/stm32l4xx_hal_dma.o
 .debug_frame   0x00000498       0xd0 Drivers/STM32L4xx_HAL_Driver/Src/stm32l4xx_hal_gpio.o
 .debug_frame   0x00000568      0x120 Drivers/STM32L4xx_HAL_Driver/Src/stm32l4xx_hal_pwr.o
 .debug_frame   0x00000688      0x1f8 Drivers/STM32L4xx_HAL_Driver/Src/stm32l4xx_hal_pwr_ex.o
 .debug_frame   0x00000880      0x184 Drivers/STM32L4xx_HAL_Driver/Src/stm32l4xx_hal_rcc.o
 .debug_frame   0x00000a04      0x238 Drivers/STM32L4xx_HAL_Driver/Src/stm32l4xx_hal_rcc_ex.o
 .debug_frame   0x00000c3c      0xa1c Drivers/STM32L4xx_HAL_Driver/Src/stm32l4xx_hal_tim.o
 .debug_frame   0x00001658      0x400 Drivers/STM32L4xx_HAL_Driver/Src/stm32l4xx_hal_tim_ex.o